14:09:49 **** Incremental Build of configuration Debug for project LiveSWV ****
make -j4 all 
arm-none-eabi-gcc "../Core/Src/main.c" -mcpu=cortex-m4 -std=gnu11 -g3 -DDEBUG -DUSE_HAL_DRIVER -DSTM32F411xE -c -I../Core/Inc -I../Drivers/STM32F4xx_HAL_Driver/Inc -I../Drivers/STM32F4xx_HAL_Driver/Inc/Legacy -I../Drivers/CMSIS/Device/ST/STM32F4xx/Include -I../Drivers/CMSIS/Include -O0 -ffunction-sections -fdata-sections -Wall -fstack-usage -fcyclomatic-complexity -MMD -MP -MF"Core/Src/main.d" -MT"Core/Src/main.o" --specs=nano.specs -mfpu=fpv4-sp-d16 -mfloat-abi=hard -mthumb -o "Core/Src/main.o"
arm-none-eabi-gcc -o "LiveSWV.elf" @"objects.list"   -mcpu=cortex-m4 -T"C:\Users\Sbzrgn\Desktop\STM\STM32F4_Test_LiveSWV\LiveSWV\STM32F411VETX_FLASH.ld" --specs=nosys.specs -Wl,-Map="LiveSWV.map" -Wl,--gc-sections -static --specs=nano.specs -mfpu=fpv4-sp-d16 -mfloat-abi=hard -mthumb -Wl,--start-group -lc -lm -Wl,--end-group
Finished building target: LiveSWV.elf
 
arm-none-eabi-size  LiveSWV.elf 
arm-none-eabi-objdump -h -S LiveSWV.elf  > "LiveSWV.list"
   text	   data	    bss	    dec	    hex	filename
  10216	    104	   1912	  12232	   2fc8	LiveSWV.elf
Finished building: default.size.stdout
 
Finished building: LiveSWV.list
 
14:10:09 **** Incremental Build of configuration Debug for project LiveSWV ****
make -j4 all 
arm-none-eabi-size  LiveSWV.elf 
   text	   data	    bss	    dec	    hex	filename
  10216	    104	   1912	  12232	   2fc8	LiveSWV.elf
Finished building: default.size.stdout
 
14:10:44 **** Incremental Build of configuration Debug for project LiveSWV ****
make -j4 all 
arm-none-eabi-size  LiveSWV.elf 
   text	   data	    bss	    dec	    hex	filename
  10216	    104	   1912	  12232	   2fc8	LiveSWV.elf
Finished building: default.size.stdout
 
