15:10:50 **** Incremental Build of configuration Debug for project TimerSleep_BtnWakeUp ****
make -j20 all 
arm-none-eabi-gcc "../Core/Src/tim.c" -mcpu=cortex-m4 -std=gnu11 -g3 -DDEBUG -DUSE_HAL_DRIVER -DSTM32F411xE -c -I../Core/Inc -I../Drivers/STM32F4xx_HAL_Driver/Inc -I../Drivers/STM32F4xx_HAL_Driver/Inc/Legacy -I../Drivers/CMSIS/Device/ST/STM32F4xx/Include -I../Drivers/CMSIS/Include -O0 -ffunction-sections -fdata-sections -Wall -fstack-usage -fcyclomatic-complexity -MMD -MP -MF"Core/Src/tim.d" -MT"Core/Src/tim.o" --specs=nano.specs -mfpu=fpv4-sp-d16 -mfloat-abi=hard -mthumb -o "Core/Src/tim.o"
arm-none-eabi-gcc -o "TimerSleep_BtnWakeUp.elf" @"objects.list"   -mcpu=cortex-m4 -T"D:\sbzrgn\My-STM32F411ve_Discovery\STM32F411Discovery_Timer_5SecSleep_BtnWakeUp\TimerSleep_BtnWakeUp\STM32F411VETX_FLASH.ld" --specs=nosys.specs -Wl,-Map="TimerSleep_BtnWakeUp.map" -Wl,--gc-sections -static --specs=nano.specs -mfpu=fpv4-sp-d16 -mfloat-abi=hard -mthumb -Wl,--start-group -lc -lm -Wl,--end-group
Finished building target: TimerSleep_BtnWakeUp.elf
 
arm-none-eabi-size  TimerSleep_BtnWakeUp.elf 
arm-none-eabi-objdump -h -S TimerSleep_BtnWakeUp.elf  > "TimerSleep_BtnWakeUp.list"
   text	   data	    bss	    dec	    hex	filename
   7744	     12	   1644	   9400	   24b8	TimerSleep_BtnWakeUp.elf
Finished building: default.size.stdout
 
Finished building: TimerSleep_BtnWakeUp.list
 
15:10:55 **** Incremental Build of configuration Debug for project TimerSleep_BtnWakeUp ****
make -j20 all 
arm-none-eabi-size  TimerSleep_BtnWakeUp.elf 
   text	   data	    bss	    dec	    hex	filename
   7744	     12	   1644	   9400	   24b8	TimerSleep_BtnWakeUp.elf
Finished building: default.size.stdout
 
