11:36:09 **** Incremental Build of configuration Debug for project USB_FS ****
make -j20 all 
arm-none-eabi-gcc "../Core/Src/main.c" -mcpu=cortex-m4 -std=gnu11 -g3 -DDEBUG -DUSE_HAL_DRIVER -DSTM32F411xE -c -I../Core/Inc -I../Drivers/STM32F4xx_HAL_Driver/Inc -I../Drivers/STM32F4xx_HAL_Driver/Inc/Legacy -I../Drivers/CMSIS/Device/ST/STM32F4xx/Include -I../Drivers/CMSIS/Include -I../USB_DEVICE/App -I../USB_DEVICE/Target -I../Middlewares/ST/STM32_USB_Device_Library/Core/Inc -I../Middlewares/ST/STM32_USB_Device_Library/Class/CDC/Inc -O0 -ffunction-sections -fdata-sections -Wall -fstack-usage -fcyclomatic-complexity -MMD -MP -MF"Core/Src/main.d" -MT"Core/Src/main.o" --specs=nano.specs -mfpu=fpv4-sp-d16 -mfloat-abi=hard -mthumb -o "Core/Src/main.o"
../Core/Src/main.c:47:17: warning: pointer targets in initialization of 'uint8_t *' {aka 'unsigned char *'} from 'char *' differ in signedness [-Wpointer-sign]
   47 | uint8_t *data = "Hello World!";
      |                 ^~~~~~~~~~~~~~
../Core/Src/main.c: In function 'main':
../Core/Src/main.c:103:40: warning: pointer targets in passing argument 1 of 'strlen' differ in signedness [-Wpointer-sign]
  103 |           CDC_Transmit_FS(data, strlen(data));
      |                                        ^~~~
      |                                        |
      |                                        uint8_t * {aka unsigned char *}
In file included from ../USB_DEVICE/Target/usbd_conf.h:32,
                 from ../Middlewares/ST/STM32_USB_Device_Library/Core/Inc/usbd_def.h:28,
                 from ../USB_DEVICE/App/usb_device.h:32,
                 from ../Core/Src/main.c:21:
C:\ST\STM32CubeIDE_1.16.1\STM32CubeIDE\plugins\com.st.stm32cube.ide.mcu.externaltools.gnu-tools-for-stm32.12.3.rel1.win32_1.0.200.202406191623\tools\bin/../lib/gcc/arm-none-eabi/12.3.1/../../../../arm-none-eabi/include/string.h:41:18: note: expected 'const char *' but argument is of type 'uint8_t *' {aka 'unsigned char *'}
   41 | size_t   strlen (const char *);
      |                  ^~~~~~~~~~~~
arm-none-eabi-gcc -o "USB_FS.elf" @"objects.list"   -mcpu=cortex-m4 -T"D:\sbzrgn\My-STM32F411ve_Discovery\STM32F411Discovery_USB\USB_FS\STM32F411VETX_FLASH.ld" --specs=nosys.specs -Wl,-Map="USB_FS.map" -Wl,--gc-sections -static --specs=nano.specs -mfpu=fpv4-sp-d16 -mfloat-abi=hard -mthumb -Wl,--start-group -lc -lm -Wl,--end-group
Finished building target: USB_FS.elf
 
arm-none-eabi-size  USB_FS.elf 
arm-none-eabi-objdump -h -S USB_FS.elf  > "USB_FS.list"
   text	   data	    bss	    dec	    hex	filename
  27768	    256	   8712	  36736	   8f80	USB_FS.elf
Finished building: default.size.stdout
 
Finished building: USB_FS.list
 

11:36:12 Build Finished. 0 errors, 2 warnings. (took 2s.578ms)

