20:49:48 **** Incremental Build of configuration Debug for project FreeRTOS_Stm32F411Disco ****
make -j4 all 
arm-none-eabi-gcc "../Core/Src/main.c" -mcpu=cortex-m4 -std=gnu11 -g3 -DDEBUG -DUSE_HAL_DRIVER -DSTM32F411xE -c -I../Core/Inc -I../Drivers/STM32F4xx_HAL_Driver/Inc -I../Drivers/STM32F4xx_HAL_Driver/Inc/Legacy -I../Drivers/CMSIS/Device/ST/STM32F4xx/Include -I../Drivers/CMSIS/Include -I../Middlewares/Third_Party/FreeRTOS/Source/include -I../Middlewares/Third_Party/FreeRTOS/Source/CMSIS_RTOS -I../Middlewares/Third_Party/FreeRTOS/Source/portable/GCC/ARM_CM4F -O0 -ffunction-sections -fdata-sections -Wall -fstack-usage -fcyclomatic-complexity -MMD -MP -MF"Core/Src/main.d" -MT"Core/Src/main.o" --specs=nano.specs -mfpu=fpv4-sp-d16 -mfloat-abi=hard -mthumb -o "Core/Src/main.o"
arm-none-eabi-gcc -o "FreeRTOS_Stm32F411Disco.elf" @"objects.list"   -mcpu=cortex-m4 -T"C:\Users\Sbzrgn\Desktop\STM\STM32F411Discovery\STM32F411Discovery_FreeRTOS\FreeRTOS_Stm32F411Disco\STM32F411VETX_FLASH.ld" --specs=nosys.specs -Wl,-Map="FreeRTOS_Stm32F411Disco.map" -Wl,--gc-sections -static --specs=nano.specs -mfpu=fpv4-sp-d16 -mfloat-abi=hard -mthumb -Wl,--start-group -lc -lm -Wl,--end-group
Finished building target: FreeRTOS_Stm32F411Disco.elf
 
arm-none-eabi-size  FreeRTOS_Stm32F411Disco.elf 
arm-none-eabi-objdump -h -S FreeRTOS_Stm32F411Disco.elf  > "FreeRTOS_Stm32F411Disco.list"
   text	   data	    bss	    dec	    hex	filename
  16652	    108	  18356	  35116	   892c	FreeRTOS_Stm32F411Disco.elf
Finished building: default.size.stdout
 
Finished building: FreeRTOS_Stm32F411Disco.list
 

20:49:49 Build Finished. 0 errors, 0 warnings. (took 1s.226ms)

