../Core/Inc/user_setting.h:48:6:delay	16	static
../Core/Src/tft.c:54:6:PIN_LOW	16	static
../Core/Src/tft.c:59:6:PIN_HIGH	16	static
../Core/Src/tft.c:64:6:PIN_INPUT	40	static
../Core/Src/tft.c:74:6:PIN_OUTPUT	40	static
../Core/Src/tft.c:142:10:width	4	static
../Core/Src/tft.c:145:10:height	4	static
../Core/Src/tft.c:160:17:color565_to_555	16	static
../Core/Src/tft.c:163:17:color555_to_565	16	static
../Core/Src/tft.c:166:16:color565_to_r	16	static
../Core/Src/tft.c:169:16:color565_to_g	16	static
../Core/Src/tft.c:172:16:color565_to_b	16	static
../Core/Src/tft.c:176:10:color565	16	static
../Core/Src/tft.c:177:10:readPixel	32	static
../Core/Src/tft.c:185:6:WriteCmdData	16	static
../Core/Src/tft.c:193:6:pushCommand	16	static
../Core/Src/tft.c:228:6:setReadDir	8	static
../Core/Src/tft.c:240:6:setWriteDir	8	static
../Core/Src/tft.c:258:13:pushColors_any	40	static
../Core/Src/tft.c:295:13:write24	24	static
../Core/Src/tft.c:306:13:writecmddata	24	static
../Core/Src/tft.c:316:13:WriteCmdParamN	24	static
../Core/Src/tft.c:331:20:WriteCmdParam4	32	static
../Core/Src/tft.c:340:13:init_table	48	static
../Core/Src/tft.c:365:13:init_table16	24	static
../Core/Src/tft.c:382:6:reset	8	static
../Core/Src/tft.c:399:17:read16bits	16	static
../Core/Src/tft.c:408:10:readReg	24	static
../Core/Src/tft.c:426:10:readReg32	24	static
../Core/Src/tft.c:433:10:readReg40	24	static
../Core/Src/tft.c:442:6:tft_init	40	static
../Core/Src/tft.c:2496:10:readID	24	static
../Core/Src/tft.c:2593:9:readGRAM	56	static
../Core/Src/tft.c:2659:6:setRotation	40	static
../Core/Src/tft.c:2823:6:drawPixel	32	static
../Core/Src/tft.c:2837:6:setAddrWindow	40	static
../Core/Src/tft.c:2880:6:vertScroll	32	static
../Core/Src/tft.c:2960:6:pushColors16b	24	static
../Core/Src/tft.c:2964:6:pushColors8b	24	static
../Core/Src/tft.c:2968:6:pushColors4n	24	static
../Core/Src/tft.c:2974:6:fillScreen	24	static
../Core/Src/tft.c:2979:6:invertDisplay	24	static
../Core/Src/tft.c:3025:7:drawFastVLine	32	static
../Core/Src/tft.c:3029:7:drawFastHLine	32	static
../Core/Src/tft.c:3034:6:writePixel	16	static
../Core/Src/tft.c:3039:6:writeLine	48	static
../Core/Src/tft.c:3080:6:drawLine	40	static
../Core/Src/tft.c:3093:6:drawCircle	40	static
../Core/Src/tft.c:3127:6:drawCircleHelper	40	static
../Core/Src/tft.c:3163:6:fillCircle	32	static
../Core/Src/tft.c:3169:6:fillCircleHelper	40	static
../Core/Src/tft.c:3206:6:drawRect	24	static
../Core/Src/tft.c:3214:6:fillRect	32	static
../Core/Src/tft.c:3303:6:drawRoundRect	40	static
../Core/Src/tft.c:3320:6:fillRoundRect	40	static
../Core/Src/tft.c:3332:6:drawTriangle	32	static
../Core/Src/tft.c:3340:6:fillTriangle	72	static
../Core/Src/tft.c:3420:6:testFillScreen	8	static
../Core/Src/tft.c:3429:6:testLines	56	static
../Core/Src/tft.c:3472:6:testFastLines	32	static
../Core/Src/tft.c:3481:6:testRects	56	static
../Core/Src/tft.c:3495:6:testFilledRects	56	static
../Core/Src/tft.c:3512:6:testFilledCircles	40	static
../Core/Src/tft.c:3525:6:testCircles	40	static
../Core/Src/tft.c:3541:6:testTriangles	64	static
../Core/Src/tft.c:3557:6:testFilledTriangles	64	static
../Core/Src/tft.c:3570:6:testRoundRects	72	static
../Core/Src/tft.c:3587:6:testFilledRoundRects	64	static
../Core/Src/tft.c:3605:6:drawChar	56	static
../Core/Src/tft.c:3655:8:write	48	static
../Core/Src/tft.c:3694:6:setFont	16	static
../Core/Src/tft.c:3723:6:charBounds	56	static
../Core/Src/tft.c:3793:6:getTextBounds	64	static
../Core/Src/tft.c:3816:6:printnewtstr	24	static
../Core/Src/tft.c:3825:6:printstr	16	static
../Core/Src/tft.c:3830:6:setTextWrap	16	static
../Core/Src/tft.c:3832:6:setTextColor	16	static
../Core/Src/tft.c:3837:6:setTextSize	16	static
../Core/Src/tft.c:3842:6:setCursor	16	static
../Core/Src/tft.c:3844:9:getRotation	4	static
../Core/Src/tft.c:3849:6:scrollup	24	static
../Core/Src/tft.c:3863:6:scrolldown	24	static
