18:11:37 **** Incremental Build of configuration Debug for project OLED_ssd1306 ****
make -j4 all 
arm-none-eabi-gcc "../Core/Src/main.c" -mcpu=cortex-m4 -std=gnu11 -g3 -DDEBUG -DUSE_HAL_DRIVER -DSTM32F411xE -c -I../Core/Inc -I../Drivers/STM32F4xx_HAL_Driver/Inc -I../Drivers/STM32F4xx_HAL_Driver/Inc/Legacy -I../Drivers/CMSIS/Device/ST/STM32F4xx/Include -I../Drivers/CMSIS/Include -I"C:/Users/Bazar/Desktop/STM32/STM32F411Discovery/My-STM32F411ve_Discovery/STM32F411Discovery_OLED_ssd1306/OLED_ssd1306/Library/Inc" -O0 -ffunction-sections -fdata-sections -Wall -fstack-usage -fcyclomatic-complexity -MMD -MP -MF"Core/Src/main.d" -MT"Core/Src/main.o" --specs=nano.specs -mfpu=fpv4-sp-d16 -mfloat-abi=hard -mthumb -o "Core/Src/main.o"
arm-none-eabi-gcc -o "OLED_ssd1306.elf" @"objects.list"   -mcpu=cortex-m4 -T"C:\Users\Bazar\Desktop\STM32\STM32F411Discovery\My-STM32F411ve_Discovery\STM32F411Discovery_OLED_ssd1306\OLED_ssd1306\STM32F411VETX_FLASH.ld" --specs=nosys.specs -Wl,-Map="OLED_ssd1306.map" -Wl,--gc-sections -static --specs=nano.specs -mfpu=fpv4-sp-d16 -mfloat-abi=hard -mthumb -Wl,--start-group -lc -lm -Wl,--end-group
Finished building target: OLED_ssd1306.elf
 
arm-none-eabi-size  OLED_ssd1306.elf 
arm-none-eabi-objdump -h -S OLED_ssd1306.elf  > "OLED_ssd1306.list"
   text	   data	    bss	    dec	    hex	filename
  11988	     20	   2684	  14692	   3964	OLED_ssd1306.elf
Finished building: default.size.stdout
 
Finished building: OLED_ssd1306.list
 
