Archive member included to satisfy reference by file (symbol)

C:/ST/STM32CubeIDE_1.17.0/STM32CubeIDE/plugins/com.st.stm32cube.ide.mcu.externaltools.gnu-tools-for-stm32.12.3.rel1.win32_1.1.0.202410251130/tools/bin/../lib/gcc/arm-none-eabi/12.3.1/../../../../arm-none-eabi/lib/thumb/v7e-m+fp/hard\libc_nano.a(libc_a-exit.o)
                              C:/ST/STM32CubeIDE_1.17.0/STM32CubeIDE/plugins/com.st.stm32cube.ide.mcu.externaltools.gnu-tools-for-stm32.12.3.rel1.win32_1.1.0.202410251130/tools/bin/../lib/gcc/arm-none-eabi/12.3.1/../../../../arm-none-eabi/lib/thumb/v7e-m+fp/hard/crt0.o (exit)
C:/ST/STM32CubeIDE_1.17.0/STM32CubeIDE/plugins/com.st.stm32cube.ide.mcu.externaltools.gnu-tools-for-stm32.12.3.rel1.win32_1.1.0.202410251130/tools/bin/../lib/gcc/arm-none-eabi/12.3.1/../../../../arm-none-eabi/lib/thumb/v7e-m+fp/hard\libc_nano.a(libc_a-findfp.o)
                              C:/ST/STM32CubeIDE_1.17.0/STM32CubeIDE/plugins/com.st.stm32cube.ide.mcu.externaltools.gnu-tools-for-stm32.12.3.rel1.win32_1.1.0.202410251130/tools/bin/../lib/gcc/arm-none-eabi/12.3.1/../../../../arm-none-eabi/lib/thumb/v7e-m+fp/hard\libc_nano.a(libc_a-exit.o) (__stdio_exit_handler)
C:/ST/STM32CubeIDE_1.17.0/STM32CubeIDE/plugins/com.st.stm32cube.ide.mcu.externaltools.gnu-tools-for-stm32.12.3.rel1.win32_1.1.0.202410251130/tools/bin/../lib/gcc/arm-none-eabi/12.3.1/../../../../arm-none-eabi/lib/thumb/v7e-m+fp/hard\libc_nano.a(libc_a-fwalk.o)
                              C:/ST/STM32CubeIDE_1.17.0/STM32CubeIDE/plugins/com.st.stm32cube.ide.mcu.externaltools.gnu-tools-for-stm32.12.3.rel1.win32_1.1.0.202410251130/tools/bin/../lib/gcc/arm-none-eabi/12.3.1/../../../../arm-none-eabi/lib/thumb/v7e-m+fp/hard\libc_nano.a(libc_a-findfp.o) (_fwalk_sglue)
C:/ST/STM32CubeIDE_1.17.0/STM32CubeIDE/plugins/com.st.stm32cube.ide.mcu.externaltools.gnu-tools-for-stm32.12.3.rel1.win32_1.1.0.202410251130/tools/bin/../lib/gcc/arm-none-eabi/12.3.1/../../../../arm-none-eabi/lib/thumb/v7e-m+fp/hard\libc_nano.a(libc_a-printf.o)
                              ./Core/Src/main.o (printf)
C:/ST/STM32CubeIDE_1.17.0/STM32CubeIDE/plugins/com.st.stm32cube.ide.mcu.externaltools.gnu-tools-for-stm32.12.3.rel1.win32_1.1.0.202410251130/tools/bin/../lib/gcc/arm-none-eabi/12.3.1/../../../../arm-none-eabi/lib/thumb/v7e-m+fp/hard\libc_nano.a(libc_a-stdio.o)
                              C:/ST/STM32CubeIDE_1.17.0/STM32CubeIDE/plugins/com.st.stm32cube.ide.mcu.externaltools.gnu-tools-for-stm32.12.3.rel1.win32_1.1.0.202410251130/tools/bin/../lib/gcc/arm-none-eabi/12.3.1/../../../../arm-none-eabi/lib/thumb/v7e-m+fp/hard\libc_nano.a(libc_a-findfp.o) (__sread)
C:/ST/STM32CubeIDE_1.17.0/STM32CubeIDE/plugins/com.st.stm32cube.ide.mcu.externaltools.gnu-tools-for-stm32.12.3.rel1.win32_1.1.0.202410251130/tools/bin/../lib/gcc/arm-none-eabi/12.3.1/../../../../arm-none-eabi/lib/thumb/v7e-m+fp/hard\libc_nano.a(libc_a-memset.o)
                              C:/ST/STM32CubeIDE_1.17.0/STM32CubeIDE/plugins/com.st.stm32cube.ide.mcu.externaltools.gnu-tools-for-stm32.12.3.rel1.win32_1.1.0.202410251130/tools/bin/../lib/gcc/arm-none-eabi/12.3.1/../../../../arm-none-eabi/lib/thumb/v7e-m+fp/hard/crt0.o (memset)
C:/ST/STM32CubeIDE_1.17.0/STM32CubeIDE/plugins/com.st.stm32cube.ide.mcu.externaltools.gnu-tools-for-stm32.12.3.rel1.win32_1.1.0.202410251130/tools/bin/../lib/gcc/arm-none-eabi/12.3.1/../../../../arm-none-eabi/lib/thumb/v7e-m+fp/hard\libc_nano.a(libc_a-closer.o)
                              C:/ST/STM32CubeIDE_1.17.0/STM32CubeIDE/plugins/com.st.stm32cube.ide.mcu.externaltools.gnu-tools-for-stm32.12.3.rel1.win32_1.1.0.202410251130/tools/bin/../lib/gcc/arm-none-eabi/12.3.1/../../../../arm-none-eabi/lib/thumb/v7e-m+fp/hard\libc_nano.a(libc_a-stdio.o) (_close_r)
C:/ST/STM32CubeIDE_1.17.0/STM32CubeIDE/plugins/com.st.stm32cube.ide.mcu.externaltools.gnu-tools-for-stm32.12.3.rel1.win32_1.1.0.202410251130/tools/bin/../lib/gcc/arm-none-eabi/12.3.1/../../../../arm-none-eabi/lib/thumb/v7e-m+fp/hard\libc_nano.a(libc_a-reent.o)
                              C:/ST/STM32CubeIDE_1.17.0/STM32CubeIDE/plugins/com.st.stm32cube.ide.mcu.externaltools.gnu-tools-for-stm32.12.3.rel1.win32_1.1.0.202410251130/tools/bin/../lib/gcc/arm-none-eabi/12.3.1/../../../../arm-none-eabi/lib/thumb/v7e-m+fp/hard\libc_nano.a(libc_a-closer.o) (errno)
C:/ST/STM32CubeIDE_1.17.0/STM32CubeIDE/plugins/com.st.stm32cube.ide.mcu.externaltools.gnu-tools-for-stm32.12.3.rel1.win32_1.1.0.202410251130/tools/bin/../lib/gcc/arm-none-eabi/12.3.1/../../../../arm-none-eabi/lib/thumb/v7e-m+fp/hard\libc_nano.a(libc_a-impure.o)
                              C:/ST/STM32CubeIDE_1.17.0/STM32CubeIDE/plugins/com.st.stm32cube.ide.mcu.externaltools.gnu-tools-for-stm32.12.3.rel1.win32_1.1.0.202410251130/tools/bin/../lib/gcc/arm-none-eabi/12.3.1/../../../../arm-none-eabi/lib/thumb/v7e-m+fp/hard\libc_nano.a(libc_a-printf.o) (_impure_ptr)
[...]
Memory Configuration

Name             Origin             Length             Attributes
RAM              0x20000000         0x00020000         xrw
FLASH            0x08000000         0x00080000         xr
*default*        0x00000000         0xffffffff

Linker script and memory map

LOAD C:/ST/STM32CubeIDE_1.17.0/STM32CubeIDE/plugins/com.st.stm32cube.ide.mcu.externaltools.gnu-tools-for-stm32.12.3.rel1.win32_1.1.0.202410251130/tools/bin/../lib/gcc/arm-none-eabi/12.3.1/thumb/v7e-m+fp/hard/crti.o
LOAD C:/ST/STM32CubeIDE_1.17.0/STM32CubeIDE/plugins/com.st.stm32cube.ide.mcu.externaltools.gnu-tools-for-stm32.12.3.rel1.win32_1.1.0.202410251130/tools/bin/../lib/gcc/arm-none-eabi/12.3.1/thumb/v7e-m+fp/hard/crtbegin.o
LOAD C:/ST/STM32CubeIDE_1.17.0/STM32CubeIDE/plugins/com.st.stm32cube.ide.mcu.externaltools.gnu-tools-for-stm32.12.3.rel1.win32_1.1.0.202410251130/tools/bin/../lib/gcc/arm-none-eabi/12.3.1/../../../../arm-none-eabi/lib/thumb/v7e-m+fp/hard/crt0.o
LOAD ./Core/Src/fatfs_sd.o
LOAD ./Core/Src/main.o
LOAD ./Core/Src/stm32f4xx_hal_msp.o
LOAD ./Core/Src/stm32f4xx_it.o
LOAD ./Core/Src/syscalls.o
LOAD ./Core/Src/sysmem.o
LOAD ./Core/Src/system_stm32f4xx.o
LOAD ./Core/Startup/startup_stm32f411vetx.o
LOAD ./Drivers/STM32F4xx_HAL_Driver/Src/stm32f4xx_hal.o
LOAD ./Drivers/STM32F4xx_HAL_Driver/Src/stm32f4xx_hal_cortex.o
LOAD ./Drivers/STM32F4xx_HAL_Driver/Src/stm32f4xx_hal_dma.o
LOAD ./Drivers/STM32F4xx_HAL_Driver/Src/stm32f4xx_hal_dma_ex.o
LOAD ./Drivers/STM32F4xx_HAL_Driver/Src/stm32f4xx_hal_exti.o
LOAD ./Drivers/STM32F4xx_HAL_Driver/Src/stm32f4xx_hal_flash.o
LOAD ./Drivers/STM32F4xx_HAL_Driver/Src/stm32f4xx_hal_flash_ex.o
LOAD ./Drivers/STM32F4xx_HAL_Driver/Src/stm32f4xx_hal_flash_ramfunc.o
LOAD ./Drivers/STM32F4xx_HAL_Driver/Src/stm32f4xx_hal_gpio.o
LOAD ./Drivers/STM32F4xx_HAL_Driver/Src/stm32f4xx_hal_pwr.o
LOAD ./Drivers/STM32F4xx_HAL_Driver/Src/stm32f4xx_hal_pwr_ex.o
LOAD ./Drivers/STM32F4xx_HAL_Driver/Src/stm32f4xx_hal_rcc.o
LOAD ./Drivers/STM32F4xx_HAL_Driver/Src/stm32f4xx_hal_rcc_ex.o
LOAD ./Drivers/STM32F4xx_HAL_Driver/Src/stm32f4xx_hal_spi.o
LOAD ./FATFS/App/fatfs.o
LOAD ./FATFS/Target/user_diskio.o
LOAD ./Middlewares/Third_Party/FatFs/src/diskio.o
LOAD ./Middlewares/Third_Party/FatFs/src/ff.o
LOAD ./Middlewares/Third_Party/FatFs/src/ff_gen_drv.o
LOAD ./Middlewares/Third_Party/FatFs/src/option/syscall.o
START GROUP
LOAD C:/ST/STM32CubeIDE_1.17.0/STM32CubeIDE/plugins/com.st.stm32cube.ide.mcu.externaltools.gnu-tools-for-stm32.12.3.rel1.win32_1.1.0.202410251130/tools/bin/../lib/gcc/arm-none-eabi/12.3.1/../../../../arm-none-eabi/lib/thumb/v7e-m+fp/hard\libc_nano.a
LOAD C:/ST/STM32CubeIDE_1.17.0/STM32CubeIDE/plugins/com.st.stm32cube.ide.mcu.externaltools.gnu-tools-for-stm32.12.3.rel1.win32_1.1.0.202410251130/tools/bin/../lib/gcc/arm-none-eabi/12.3.1/../../../../arm-none-eabi/lib/thumb/v7e-m+fp/hard\libm.a
END GROUP
START GROUP
LOAD C:/ST/STM32CubeIDE_1.17.0/STM32CubeIDE/plugins/com.st.stm32cube.ide.mcu.externaltools.gnu-tools-for-stm32.12.3.rel1.win32_1.1.0.202410251130/tools/bin/../lib/gcc/arm-none-eabi/12.3.1/thumb/v7e-m+fp/hard\libgcc.a
LOAD C:/ST/STM32CubeIDE_1.17.0/STM32CubeIDE/plugins/com.st.stm32cube.ide.mcu.externaltools.gnu-tools-for-stm32.12.3.rel1.win32_1.1.0.202410251130/tools/bin/../lib/gcc/arm-none-eabi/12.3.1/../../../../arm-none-eabi/lib/thumb/v7e-m+fp/hard\libc_nano.a
END GROUP
START GROUP
LOAD C:/ST/STM32CubeIDE_1.17.0/STM32CubeIDE/plugins/com.st.stm32cube.ide.mcu.externaltools.gnu-tools-for-stm32.12.3.rel1.win32_1.1.0.202410251130/tools/bin/../lib/gcc/arm-none-eabi/12.3.1/thumb/v7e-m+fp/hard\libgcc.a
LOAD C:/ST/STM32CubeIDE_1.17.0/STM32CubeIDE/plugins/com.st.stm32cube.ide.mcu.externaltools.gnu-tools-for-stm32.12.3.rel1.win32_1.1.0.202410251130/tools/bin/../lib/gcc/arm-none-eabi/12.3.1/../../../../arm-none-eabi/lib/thumb/v7e-m+fp/hard\libc_nano.a
LOAD C:/ST/STM32CubeIDE_1.17.0/STM32CubeIDE/plugins/com.st.stm32cube.ide.mcu.externaltools.gnu-tools-for-stm32.12.3.rel1.win32_1.1.0.202410251130/tools/bin/../lib/gcc/arm-none-eabi/12.3.1/../../../../arm-none-eabi/lib/thumb/v7e-m+fp/hard\libnosys.a
END GROUP
START GROUP
LOAD C:/ST/STM32CubeIDE_1.17.0/STM32CubeIDE/plugins/com.st.stm32cube.ide.mcu.externaltools.gnu-tools-for-stm32.12.3.rel1.win32_1.1.0.202410251130/tools/bin/../lib/gcc/arm-none-eabi/12.3.1/thumb/v7e-m+fp/hard\libgcc.a
LOAD C:/ST/STM32CubeIDE_1.17.0/STM32CubeIDE/plugins/com.st.stm32cube.ide.mcu.externaltools.gnu-tools-for-stm32.12.3.rel1.win32_1.1.0.202410251130/tools/bin/../lib/gcc/arm-none-eabi/12.3.1/../../../../arm-none-eabi/lib/thumb/v7e-m+fp/hard\libc_nano.a
LOAD C:/ST/STM32CubeIDE_1.17.0/STM32CubeIDE/plugins/com.st.stm32cube.ide.mcu.externaltools.gnu-tools-for-stm32.12.3.rel1.win32_1.1.0.202410251130/tools/bin/../lib/gcc/arm-none-eabi/12.3.1/../../../../arm-none-eabi/lib/thumb/v7e-m+fp/hard\libnosys.a
END GROUP
LOAD C:/ST/STM32CubeIDE_1.17.0/STM32CubeIDE/plugins/com.st.stm32cube.ide.mcu.externaltools.gnu-tools-for-stm32.12.3.rel1.win32_1.1.0.202410251130/tools/bin/../lib/gcc/arm-none-eabi/12.3.1/thumb/v7e-m+fp/hard/crtend.o
LOAD C:/ST/STM32CubeIDE_1.17.0/STM32CubeIDE/plugins/com.st.stm32cube.ide.mcu.externaltools.gnu-tools-for-stm32.12.3.rel1.win32_1.1.0.202410251130/tools/bin/../lib/gcc/arm-none-eabi/12.3.1/thumb/v7e-m+fp/hard/crtn.o
                0x20020000                        _estack = (ORIGIN (RAM) + LENGTH (RAM))
                0x00000200                        _Min_Heap_Size = 0x200
                0x00000400                        _Min_Stack_Size = 0x400

.isr_vector     0x08000000      0x198
                0x08000000                        . = ALIGN (0x4)
 *(.isr_vector)
 .isr_vector    0x08000000      0x198 ./Core/Startup/startup_stm32f411vetx.o
                0x08000000                g_pfnVectors
                0x08000198                        . = ALIGN (0x4)

.text           0x080001a0     0x6c94
                0x080001a0                        . = ALIGN (0x4)
 *(.text)
 .text          0x080001a0       0x40 C:/ST/STM32CubeIDE_1.17.0/STM32CubeIDE/plugins/com.st.stm32cube.ide.mcu.externaltools.gnu-tools-for-stm32.12.3.rel1.win32_1.1.0.202410251130/tools/bin/../lib/gcc/arm-none-eabi/12.3.1/thumb/v7e-m+fp/hard/crtbegin.o
 .text          0x080001e0       0xa0 C:/ST/STM32CubeIDE_1.17.0/STM32CubeIDE/plugins/com.st.stm32cube.ide.mcu.externaltools.gnu-tools-for-stm32.12.3.rel1.win32_1.1.0.202410251130/tools/bin/../lib/gcc/arm-none-eabi/12.3.1/../../../../arm-none-eabi/lib/thumb/v7e-m+fp/hard\libc_nano.a(libc_a-memchr.o)
                0x080001e0                memchr
 .text          0x08000280      0x254 C:/ST/STM32CubeIDE_1.17.0/STM32CubeIDE/plugins/com.st.stm32cube.ide.mcu.externaltools.gnu-tools-for-stm32.12.3.rel1.win32_1.1.0.202410251130/tools/bin/../lib/gcc/arm-none-eabi/12.3.1/thumb/v7e-m+fp/hard\libgcc.a(_arm_muldf3.o)
                0x08000280                __muldf3
                0x08000280                __aeabi_dmul
 .text          0x080004d4      0x378 C:/ST/STM32CubeIDE_1.17.0/STM32CubeIDE/plugins/com.st.stm32cube.ide.mcu.externaltools.gnu-tools-for-stm32.12.3.rel1.win32_1.1.0.202410251130/tools/bin/../lib/gcc/arm-none-eabi/12.3.1/thumb/v7e-m+fp/hard\libgcc.a(_arm_addsubdf3.o)
                0x080004d4                __aeabi_drsub
                0x080004dc                __aeabi_dsub
                0x080004dc                __subdf3
                0x080004e0                __aeabi_dadd
                0x080004e0                __adddf3
                0x08000758                __floatunsidf
                0x08000758                __aeabi_ui2d
                0x08000778                __floatsidf
                0x08000778                __aeabi_i2d
                0x0800079c                __aeabi_f2d
                0x0800079c                __extendsfdf2
                0x080007e0                __floatundidf
                0x080007e0                __aeabi_ul2d
                0x080007f0                __floatdidf
                0x080007f0                __aeabi_l2d
 .text          0x0800084c       0x40 C:/ST/STM32CubeIDE_1.17.0/STM32CubeIDE/plugins/com.st.stm32cube.ide.mcu.externaltools.gnu-tools-for-stm32.12.3.rel1.win32_1.1.0.202410251130/tools/bin/../lib/gcc/arm-none-eabi/12.3.1/thumb/v7e-m+fp/hard\libgcc.a(_arm_fixunsdfsi.o)
                0x0800084c                __aeabi_d2uiz
                0x0800084c                __fixunsdfsi
 .text          0x0800088c       0x30 C:/ST/STM32CubeIDE_1.17.0/STM32CubeIDE/plugins/com.st.stm32cube.ide.mcu.externaltools.gnu-tools-for-stm32.12.3.rel1.win32_1.1.0.202410251130/tools/bin/../lib/gcc/arm-none-eabi/12.3.1/thumb/v7e-m+fp/hard\libgcc.a(_aeabi_uldivmod.o)
                0x0800088c                __aeabi_uldivmod
 .text          0x080008bc      0x2bc C:/ST/STM32CubeIDE_1.17.0/STM32CubeIDE/plugins/com.st.stm32cube.ide.mcu.externaltools.gnu-tools-for-stm32.12.3.rel1.win32_1.1.0.202410251130/tools/bin/../lib/gcc/arm-none-eabi/12.3.1/thumb/v7e-m+fp/hard\libgcc.a(_udivmoddi4.o)
                0x080008bc                __udivmoddi4
 .text          0x08000b78        0x4 C:/ST/STM32CubeIDE_1.17.0/STM32CubeIDE/plugins/com.st.stm32cube.ide.mcu.externaltools.gnu-tools-for-stm32.12.3.rel1.win32_1.1.0.202410251130/tools/bin/../lib/gcc/arm-none-eabi/12.3.1/thumb/v7e-m+fp/hard\libgcc.a(_dvmd_tls.o)
                0x08000b78                __aeabi_idiv0
                0x08000b78                __aeabi_ldiv0
 *(.text*)
 .text.SELECT   0x08000b7c       0x20 ./Core/Src/fatfs_sd.o
 .text.DESELECT
                0x08000b9c       0x20 ./Core/Src/fatfs_sd.o
 .text.SPI_TxByte
                0x08000bbc       0x34 ./Core/Src/fatfs_sd.o
 .text.SPI_TxBuffer
                0x08000bf0       0x34 ./Core/Src/fatfs_sd.o
 .text.SPI_RxByte
                0x08000c24       0x38 ./Core/Src/fatfs_sd.o
 .text.SPI_RxBytePtr
                0x08000c5c       0x1c ./Core/Src/fatfs_sd.o
 .text.SD_ReadyWait
                0x08000c78       0x34 ./Core/Src/fatfs_sd.o
 .text.SD_PowerOn
                0x08000cac       0x84 ./Core/Src/fatfs_sd.o
 .text.SD_PowerOff
                0x08000d30       0x18 ./Core/Src/fatfs_sd.o
 .text.SD_CheckPower
                0x08000d48       0x18 ./Core/Src/fatfs_sd.o
 .text.SD_RxDataBlock
                0x08000d60       0x60 ./Core/Src/fatfs_sd.o
 .text.SD_TxDataBlock
                0x08000dc0       0x86 ./Core/Src/fatfs_sd.o
 .text.SD_SendCmd
                0x08000e46       0xa8 ./Core/Src/fatfs_sd.o
 *fill*         0x08000eee        0x2 
 .text.SD_disk_initialize
                0x08000ef0      0x1d8 ./Core/Src/fatfs_sd.o
                0x08000ef0                SD_disk_initialize
 .text.SD_disk_status
                0x080010c8       0x2c ./Core/Src/fatfs_sd.o
                0x080010c8                SD_disk_status
 .text.SD_disk_read
                0x080010f4       0xd4 ./Core/Src/fatfs_sd.o
                0x080010f4                SD_disk_read
 .text.SD_disk_write
                0x080011c8      0x108 ./Core/Src/fatfs_sd.o
                0x080011c8                SD_disk_write
 .text.SD_disk_ioctl
                0x080012d0      0x254 ./Core/Src/fatfs_sd.o
                0x080012d0                SD_disk_ioctl
 .text.ITM_SendChar
                0x08001524       0x4e ./Core/Src/main.o
 *fill*         0x08001572        0x2 
 .text.clear_buffer
                0x08001574       0x38 ./Core/Src/main.o
                0x08001574                clear_buffer
 .text._write   0x080015ac       0x38 ./Core/Src/main.o
                0x080015ac                _write
 .text.main     0x080015e4      0x29c ./Core/Src/main.o
                0x080015e4                main
 .text.SystemClock_Config
                0x08001880       0xd0 ./Core/Src/main.o
                0x08001880                SystemClock_Config
 .text.MX_SPI2_Init
                0x08001950       0x6c ./Core/Src/main.o
 .text.MX_GPIO_Init
                0x080019bc       0xdc ./Core/Src/main.o
 .text.Error_Handler
                0x08001a98        0xc ./Core/Src/main.o
                0x08001a98                Error_Handler
 .text.HAL_MspInit
                0x08001aa4       0x50 ./Core/Src/stm32f4xx_hal_msp.o
                0x08001aa4                HAL_MspInit
 .text.HAL_SPI_MspInit
                0x08001af4       0xd0 ./Core/Src/stm32f4xx_hal_msp.o
                0x08001af4                HAL_SPI_MspInit
 .text.SDTimer_Handler
                0x08001bc4       0x48 ./Core/Src/stm32f4xx_it.o
                0x08001bc4                SDTimer_Handler
 .text.NMI_Handler
                0x08001c0c        0x8 ./Core/Src/stm32f4xx_it.o
                0x08001c0c                NMI_Handler
 .text.HardFault_Handler
                0x08001c14        0x8 ./Core/Src/stm32f4xx_it.o
                0x08001c14                HardFault_Handler
 .text.MemManage_Handler
                0x08001c1c        0x8 ./Core/Src/stm32f4xx_it.o
                0x08001c1c                MemManage_Handler
 .text.BusFault_Handler
                0x08001c24        0x8 ./Core/Src/stm32f4xx_it.o
                0x08001c24                BusFault_Handler
 .text.UsageFault_Handler
                0x08001c2c        0x8 ./Core/Src/stm32f4xx_it.o
                0x08001c2c                UsageFault_Handler
 .text.SVC_Handler
                0x08001c34        0xe ./Core/Src/stm32f4xx_it.o
                0x08001c34                SVC_Handler
 .text.DebugMon_Handler
                0x08001c42        0xe ./Core/Src/stm32f4xx_it.o
                0x08001c42                DebugMon_Handler
 .text.PendSV_Handler
                0x08001c50        0xe ./Core/Src/stm32f4xx_it.o
                0x08001c50                PendSV_Handler
 *fill*         0x08001c5e        0x2 
 .text.SysTick_Handler
                0x08001c60       0x34 ./Core/Src/stm32f4xx_it.o
                0x08001c60                SysTick_Handler
 .text._read    0x08001c94       0x3a ./Core/Src/syscalls.o
                0x08001c94                _read
 .text._close   0x08001cce       0x18 ./Core/Src/syscalls.o
                0x08001cce                _close
 .text._fstat   0x08001ce6       0x20 ./Core/Src/syscalls.o
                0x08001ce6                _fstat
 .text._isatty  0x08001d06       0x16 ./Core/Src/syscalls.o
                0x08001d06                _isatty
 .text._lseek   0x08001d1c       0x1a ./Core/Src/syscalls.o
                0x08001d1c                _lseek
 *fill*         0x08001d36        0x2 
 .text._sbrk    0x08001d38       0x6c ./Core/Src/sysmem.o
                0x08001d38                _sbrk
 .text.SystemInit
                0x08001da4       0x24 ./Core/Src/system_stm32f4xx.o
                0x08001da4                SystemInit
 .text.Reset_Handler
                0x08001dc8       0x50 ./Core/Startup/startup_stm32f411vetx.o
                0x08001dc8                Reset_Handler
 .text.Default_Handler
                0x08001e18        0x2 ./Core/Startup/startup_stm32f411vetx.o
                0x08001e18                RTC_Alarm_IRQHandler
                0x08001e18                EXTI2_IRQHandler
                0x08001e18                SPI4_IRQHandler
                0x08001e18                TIM1_CC_IRQHandler
                0x08001e18                DMA2_Stream5_IRQHandler
                0x08001e18                DMA1_Stream5_IRQHandler
                0x08001e18                PVD_IRQHandler
                0x08001e18                SDIO_IRQHandler
                0x08001e18                TAMP_STAMP_IRQHandler
                0x08001e18                EXTI3_IRQHandler
                0x08001e18                TIM1_UP_TIM10_IRQHandler
                0x08001e18                I2C3_ER_IRQHandler
                0x08001e18                EXTI0_IRQHandler
                0x08001e18                I2C2_EV_IRQHandler
                0x08001e18                DMA1_Stream2_IRQHandler
                0x08001e18                FPU_IRQHandler
                0x08001e18                DMA2_Stream2_IRQHandler
                0x08001e18                SPI1_IRQHandler
                0x08001e18                TIM1_BRK_TIM9_IRQHandler
                0x08001e18                DMA2_Stream3_IRQHandler
                0x08001e18                USART6_IRQHandler
                0x08001e18                DMA2_Stream0_IRQHandler
                0x08001e18                TIM4_IRQHandler
                0x08001e18                I2C1_EV_IRQHandler
                0x08001e18                DMA1_Stream6_IRQHandler
                0x08001e18                DMA1_Stream1_IRQHandler
                0x08001e18                TIM3_IRQHandler
                0x08001e18                RCC_IRQHandler
                0x08001e18                Default_Handler
                0x08001e18                EXTI15_10_IRQHandler
                0x08001e18                ADC_IRQHandler
                0x08001e18                DMA1_Stream7_IRQHandler
                0x08001e18                SPI5_IRQHandler
                0x08001e18                TIM5_IRQHandler
                0x08001e18                DMA2_Stream7_IRQHandler
                0x08001e18                I2C3_EV_IRQHandler
                0x08001e18                EXTI9_5_IRQHandler
                0x08001e18                RTC_WKUP_IRQHandler
                0x08001e18                SPI2_IRQHandler
                0x08001e18                DMA1_Stream0_IRQHandler
                0x08001e18                EXTI4_IRQHandler
                0x08001e18                WWDG_IRQHandler
                0x08001e18                TIM2_IRQHandler
                0x08001e18                OTG_FS_WKUP_IRQHandler
                0x08001e18                TIM1_TRG_COM_TIM11_IRQHandler
                0x08001e18                EXTI1_IRQHandler
                0x08001e18                USART2_IRQHandler
                0x08001e18                I2C2_ER_IRQHandler
                0x08001e18                DMA2_Stream1_IRQHandler
                0x08001e18                FLASH_IRQHandler
                0x08001e18                DMA2_Stream4_IRQHandler
                0x08001e18                USART1_IRQHandler
                0x08001e18                OTG_FS_IRQHandler
                0x08001e18                SPI3_IRQHandler
                0x08001e18                DMA1_Stream4_IRQHandler
                0x08001e18                I2C1_ER_IRQHandler
                0x08001e18                DMA2_Stream6_IRQHandler
                0x08001e18                DMA1_Stream3_IRQHandler
 *fill*         0x08001e1a        0x2 
 .text.HAL_Init
                0x08001e1c       0x44 ./Drivers/STM32F4xx_HAL_Driver/Src/stm32f4xx_hal.o
                0x08001e1c                HAL_Init
 .text.HAL_InitTick
                0x08001e60       0x60 ./Drivers/STM32F4xx_HAL_Driver/Src/stm32f4xx_hal.o
                0x08001e60                HAL_InitTick
 .text.HAL_IncTick
                0x08001ec0       0x28 ./Drivers/STM32F4xx_HAL_Driver/Src/stm32f4xx_hal.o
                0x08001ec0                HAL_IncTick
 .text.HAL_GetTick
                0x08001ee8       0x18 ./Drivers/STM32F4xx_HAL_Driver/Src/stm32f4xx_hal.o
                0x08001ee8                HAL_GetTick
 .text.HAL_Delay
                0x08001f00       0x48 ./Drivers/STM32F4xx_HAL_Driver/Src/stm32f4xx_hal.o
                0x08001f00                HAL_Delay
 .text.__NVIC_SetPriorityGrouping
                0x08001f48       0x48 ./Drivers/STM32F4xx_HAL_Driver/Src/stm32f4xx_hal_cortex.o
 .text.__NVIC_GetPriorityGrouping
                0x08001f90       0x1c ./Drivers/STM32F4xx_HAL_Driver/Src/stm32f4xx_hal_cortex.o
 .text.__NVIC_SetPriority
                0x08001fac       0x54 ./Drivers/STM32F4xx_HAL_Driver/Src/stm32f4xx_hal_cortex.o
 .text.NVIC_EncodePriority
                0x08002000       0x66 ./Drivers/STM32F4xx_HAL_Driver/Src/stm32f4xx_hal_cortex.o
 *fill*         0x08002066        0x2 
 .text.SysTick_Config
                0x08002068       0x44 ./Drivers/STM32F4xx_HAL_Driver/Src/stm32f4xx_hal_cortex.o
 .text.HAL_NVIC_SetPriorityGrouping
                0x080020ac       0x16 ./Drivers/STM32F4xx_HAL_Driver/Src/stm32f4xx_hal_cortex.o
                0x080020ac                HAL_NVIC_SetPriorityGrouping
 .text.HAL_NVIC_SetPriority
                0x080020c2       0x38 ./Drivers/STM32F4xx_HAL_Driver/Src/stm32f4xx_hal_cortex.o
                0x080020c2                HAL_NVIC_SetPriority
 .text.HAL_SYSTICK_Config
                0x080020fa       0x18 ./Drivers/STM32F4xx_HAL_Driver/Src/stm32f4xx_hal_cortex.o
                0x080020fa                HAL_SYSTICK_Config
 *fill*         0x08002112        0x2 
 .text.HAL_GPIO_Init
                0x08002114      0x308 ./Drivers/STM32F4xx_HAL_Driver/Src/stm32f4xx_hal_gpio.o
                0x08002114                HAL_GPIO_Init
 .text.HAL_GPIO_WritePin
                0x0800241c       0x32 ./Drivers/STM32F4xx_HAL_Driver/Src/stm32f4xx_hal_gpio.o
                0x0800241c                HAL_GPIO_WritePin
 *fill*         0x0800244e        0x2 
 .text.HAL_RCC_OscConfig
                0x08002450      0x4f0 ./Drivers/STM32F4xx_HAL_Driver/Src/stm32f4xx_hal_rcc.o
                0x08002450                HAL_RCC_OscConfig
 .text.HAL_RCC_ClockConfig
                0x08002940      0x1cc ./Drivers/STM32F4xx_HAL_Driver/Src/stm32f4xx_hal_rcc.o
                0x08002940                HAL_RCC_ClockConfig
 .text.HAL_RCC_GetSysClockFreq
                0x08002b0c      0x20c ./Drivers/STM32F4xx_HAL_Driver/Src/stm32f4xx_hal_rcc.o
                0x08002b0c                HAL_RCC_GetSysClockFreq
 .text.HAL_SPI_Init
                0x08002d18      0x112 ./Drivers/STM32F4xx_HAL_Driver/Src/stm32f4xx_hal_spi.o
                0x08002d18                HAL_SPI_Init
 .text.HAL_SPI_Transmit
                0x08002e2a      0x288 ./Drivers/STM32F4xx_HAL_Driver/Src/stm32f4xx_hal_spi.o
                0x08002e2a                HAL_SPI_Transmit
 .text.HAL_SPI_TransmitReceive
                0x080030b2      0x352 ./Drivers/STM32F4xx_HAL_Driver/Src/stm32f4xx_hal_spi.o
                0x080030b2                HAL_SPI_TransmitReceive
 .text.SPI_WaitFlagStateUntilTimeout
                0x08003404      0x110 ./Drivers/STM32F4xx_HAL_Driver/Src/stm32f4xx_hal_spi.o
 .text.SPI_EndRxTxTransaction
                0x08003514       0xa8 ./Drivers/STM32F4xx_HAL_Driver/Src/stm32f4xx_hal_spi.o
 .text.MX_FATFS_Init
                0x080035bc       0x24 ./FATFS/App/fatfs.o
                0x080035bc                MX_FATFS_Init
 .text.get_fattime
                0x080035e0       0x10 ./FATFS/App/fatfs.o
                0x080035e0                get_fattime
 .text.USER_initialize
                0x080035f0       0x1c ./FATFS/Target/user_diskio.o
                0x080035f0                USER_initialize
 .text.USER_status
                0x0800360c       0x1c ./FATFS/Target/user_diskio.o
                0x0800360c                USER_status
 .text.USER_read
                0x08003628       0x26 ./FATFS/Target/user_diskio.o
                0x08003628                USER_read
 .text.USER_write
                0x0800364e       0x26 ./FATFS/Target/user_diskio.o
                0x0800364e                USER_write
 .text.USER_ioctl
                0x08003674       0x26 ./FATFS/Target/user_diskio.o
                0x08003674                USER_ioctl
 *fill*         0x0800369a        0x2 
 .text.disk_status
                0x0800369c       0x34 ./Middlewares/Third_Party/FatFs/src/diskio.o
                0x0800369c                disk_status
 .text.disk_initialize
                0x080036d0       0x50 ./Middlewares/Third_Party/FatFs/src/diskio.o
                0x080036d0                disk_initialize
 .text.disk_read
                0x08003720       0x40 ./Middlewares/Third_Party/FatFs/src/diskio.o
                0x08003720                disk_read
 .text.disk_write
                0x08003760       0x40 ./Middlewares/Third_Party/FatFs/src/diskio.o
                0x08003760                disk_write
 .text.disk_ioctl
                0x080037a0       0x3c ./Middlewares/Third_Party/FatFs/src/diskio.o
                0x080037a0                disk_ioctl
 .text.ld_word  0x080037dc       0x30 ./Middlewares/Third_Party/FatFs/src/ff.o
 .text.ld_dword
                0x0800380c       0x46 ./Middlewares/Third_Party/FatFs/src/ff.o
 .text.st_word  0x08003852       0x36 ./Middlewares/Third_Party/FatFs/src/ff.o
 .text.st_dword
                0x08003888       0x58 ./Middlewares/Third_Party/FatFs/src/ff.o
 .text.mem_cpy  0x080038e0       0x42 ./Middlewares/Third_Party/FatFs/src/ff.o
 .text.mem_set  0x08003922       0x36 ./Middlewares/Third_Party/FatFs/src/ff.o
 .text.mem_cmp  0x08003958       0x4e ./Middlewares/Third_Party/FatFs/src/ff.o
 .text.chk_chr  0x080039a6       0x36 ./Middlewares/Third_Party/FatFs/src/ff.o
 .text.chk_lock
                0x080039dc       0xb8 ./Middlewares/Third_Party/FatFs/src/ff.o
 .text.enq_lock
                0x08003a94       0x44 ./Middlewares/Third_Party/FatFs/src/ff.o
 .text.inc_lock
                0x08003ad8      0x11c ./Middlewares/Third_Party/FatFs/src/ff.o
 .text.dec_lock
                0x08003bf4       0x78 ./Middlewares/Third_Party/FatFs/src/ff.o
 .text.clear_lock
                0x08003c6c       0x48 ./Middlewares/Third_Party/FatFs/src/ff.o
 .text.sync_window
                0x08003cb4       0x88 ./Middlewares/Third_Party/FatFs/src/ff.o
 .text.move_window
                0x08003d3c       0x5a ./Middlewares/Third_Party/FatFs/src/ff.o
 *fill*         0x08003d96        0x2 
 .text.sync_fs  0x08003d98       0xdc ./Middlewares/Third_Party/FatFs/src/ff.o
 .text.clust2sect
                0x08003e74       0x3e ./Middlewares/Third_Party/FatFs/src/ff.o
 .text.get_fat  0x08003eb2      0x14e ./Middlewares/Third_Party/FatFs/src/ff.o
 .text.put_fat  0x08004000      0x1d4 ./Middlewares/Third_Party/FatFs/src/ff.o
 .text.remove_chain
                0x080041d4       0xca ./Middlewares/Third_Party/FatFs/src/ff.o
 .text.create_chain
                0x0800429e      0x130 ./Middlewares/Third_Party/FatFs/src/ff.o
 .text.clmt_clust
                0x080043ce       0x68 ./Middlewares/Third_Party/FatFs/src/ff.o
 .text.dir_sdi  0x08004436       0xf6 ./Middlewares/Third_Party/FatFs/src/ff.o
 .text.dir_next
                0x0800452c      0x18a ./Middlewares/Third_Party/FatFs/src/ff.o
 .text.dir_alloc
                0x080046b6       0x8e ./Middlewares/Third_Party/FatFs/src/ff.o
 .text.ld_clust
                0x08004744       0x3e ./Middlewares/Third_Party/FatFs/src/ff.o
 .text.st_clust
                0x08004782       0x40 ./Middlewares/Third_Party/FatFs/src/ff.o
 .text.dir_find
                0x080047c2       0xaa ./Middlewares/Third_Party/FatFs/src/ff.o
 .text.dir_register
                0x0800486c       0x64 ./Middlewares/Third_Party/FatFs/src/ff.o
 .text.create_name
                0x080048d0      0x128 ./Middlewares/Third_Party/FatFs/src/ff.o
 .text.follow_path
                0x080049f8       0xe2 ./Middlewares/Third_Party/FatFs/src/ff.o
 .text.get_ldnumber
                0x08004ada       0x88 ./Middlewares/Third_Party/FatFs/src/ff.o
 *fill*         0x08004b62        0x2 
 .text.check_fs
                0x08004b64       0xac ./Middlewares/Third_Party/FatFs/src/ff.o
 .text.find_volume
                0x08004c10      0x498 ./Middlewares/Third_Party/FatFs/src/ff.o
 .text.validate
                0x080050a8       0x6a ./Middlewares/Third_Party/FatFs/src/ff.o
 *fill*         0x08005112        0x2 
 .text.f_mount  0x08005114       0x8c ./Middlewares/Third_Party/FatFs/src/ff.o
                0x08005114                f_mount
 .text.f_open   0x080051a0      0x374 ./Middlewares/Third_Party/FatFs/src/ff.o
                0x080051a0                f_open
 .text.f_read   0x08005514      0x27e ./Middlewares/Third_Party/FatFs/src/ff.o
                0x08005514                f_read
 .text.f_write  0x08005792      0x2ea ./Middlewares/Third_Party/FatFs/src/ff.o
                0x08005792                f_write
 .text.f_sync   0x08005a7c       0xfc ./Middlewares/Third_Party/FatFs/src/ff.o
                0x08005a7c                f_sync
 .text.f_close  0x08005b78       0x54 ./Middlewares/Third_Party/FatFs/src/ff.o
                0x08005b78                f_close
 .text.f_getfree
                0x08005bcc      0x16a ./Middlewares/Third_Party/FatFs/src/ff.o
                0x08005bcc                f_getfree
 .text.f_gets   0x08005d36       0x7c ./Middlewares/Third_Party/FatFs/src/ff.o
                0x08005d36                f_gets
 .text.putc_bfd
                0x08005db2       0x7a ./Middlewares/Third_Party/FatFs/src/ff.o
 .text.putc_flush
                0x08005e2c       0x4a ./Middlewares/Third_Party/FatFs/src/ff.o
 .text.putc_init
                0x08005e76       0x2a ./Middlewares/Third_Party/FatFs/src/ff.o
 .text.f_puts   0x08005ea0       0x48 ./Middlewares/Third_Party/FatFs/src/ff.o
                0x08005ea0                f_puts
 .text.FATFS_LinkDriverEx
                0x08005ee8       0x98 ./Middlewares/Third_Party/FatFs/src/ff_gen_drv.o
                0x08005ee8                FATFS_LinkDriverEx
 .text.FATFS_LinkDriver
                0x08005f80       0x1e ./Middlewares/Third_Party/FatFs/src/ff_gen_drv.o
                0x08005f80                FATFS_LinkDriver
 *fill*         0x08005f9e        0x2 
 .text.std      0x08005fa0       0x6c C:/ST/STM32CubeIDE_1.17.0/STM32CubeIDE/plugins/com.st.stm32cube.ide.mcu.externaltools.gnu-tools-for-stm32.12.3.rel1.win32_1.1.0.202410251130/tools/bin/../lib/gcc/arm-none-eabi/12.3.1/../../../../arm-none-eabi/lib/thumb/v7e-m+fp/hard\libc_nano.a(libc_a-findfp.o)
 .text.stdio_exit_handler
                0x0800600c       0x18 C:/ST/STM32CubeIDE_1.17.0/STM32CubeIDE/plugins/com.st.stm32cube.ide.mcu.externaltools.gnu-tools-for-stm32.12.3.rel1.win32_1.1.0.202410251130/tools/bin/../lib/gcc/arm-none-eabi/12.3.1/../../../../arm-none-eabi/lib/thumb/v7e-m+fp/hard\libc_nano.a(libc_a-findfp.o)
 .text.cleanup_stdio
                0x08006024       0x40 C:/ST/STM32CubeIDE_1.17.0/STM32CubeIDE/plugins/com.st.stm32cube.ide.mcu.externaltools.gnu-tools-for-stm32.12.3.rel1.win32_1.1.0.202410251130/tools/bin/../lib/gcc/arm-none-eabi/12.3.1/../../../../arm-none-eabi/lib/thumb/v7e-m+fp/hard\libc_nano.a(libc_a-findfp.o)
 .text.global_stdio_init.part.0
                0x08006064       0x3c C:/ST/STM32CubeIDE_1.17.0/STM32CubeIDE/plugins/com.st.stm32cube.ide.mcu.externaltools.gnu-tools-for-stm32.12.3.rel1.win32_1.1.0.202410251130/tools/bin/../lib/gcc/arm-none-eabi/12.3.1/../../../../arm-none-eabi/lib/thumb/v7e-m+fp/hard\libc_nano.a(libc_a-findfp.o)
 .text.__sfp_lock_acquire
                0x080060a0        0xc C:/ST/STM32CubeIDE_1.17.0/STM32CubeIDE/plugins/com.st.stm32cube.ide.mcu.externaltools.gnu-tools-for-stm32.12.3.rel1.win32_1.1.0.202410251130/tools/bin/../lib/gcc/arm-none-eabi/12.3.1/../../../../arm-none-eabi/lib/thumb/v7e-m+fp/hard\libc_nano.a(libc_a-findfp.o)
                0x080060a0                __sfp_lock_acquire
 .text.__sfp_lock_release
                0x080060ac        0xc C:/ST/STM32CubeIDE_1.17.0/STM32CubeIDE/plugins/com.st.stm32cube.ide.mcu.externaltools.gnu-tools-for-stm32.12.3.rel1.win32_1.1.0.202410251130/tools/bin/../lib/gcc/arm-none-eabi/12.3.1/../../../../arm-none-eabi/lib/thumb/v7e-m+fp/hard\libc_nano.a(libc_a-findfp.o)
                0x080060ac                __sfp_lock_release
 .text.__sinit  0x080060b8       0x30 C:/ST/STM32CubeIDE_1.17.0/STM32CubeIDE/plugins/com.st.stm32cube.ide.mcu.externaltools.gnu-tools-for-stm32.12.3.rel1.win32_1.1.0.202410251130/tools/bin/../lib/gcc/arm-none-eabi/12.3.1/../../../../arm-none-eabi/lib/thumb/v7e-m+fp/hard\libc_nano.a(libc_a-findfp.o)
                0x080060b8                __sinit
 .text._fwalk_sglue
                0x080060e8       0x3c C:/ST/STM32CubeIDE_1.17.0/STM32CubeIDE/plugins/com.st.stm32cube.ide.mcu.externaltools.gnu-tools-for-stm32.12.3.rel1.win32_1.1.0.202410251130/tools/bin/../lib/gcc/arm-none-eabi/12.3.1/../../../../arm-none-eabi/lib/thumb/v7e-m+fp/hard\libc_nano.a(libc_a-fwalk.o)
                0x080060e8                _fwalk_sglue
 .text.printf   0x08006124       0x24 C:/ST/STM32CubeIDE_1.17.0/STM32CubeIDE/plugins/com.st.stm32cube.ide.mcu.externaltools.gnu-tools-for-stm32.12.3.rel1.win32_1.1.0.202410251130/tools/bin/../lib/gcc/arm-none-eabi/12.3.1/../../../../arm-none-eabi/lib/thumb/v7e-m+fp/hard\libc_nano.a(libc_a-printf.o)
                0x08006124                iprintf
                0x08006124                printf
 .text.__sread  0x08006148       0x22 C:/ST/STM32CubeIDE_1.17.0/STM32CubeIDE/plugins/com.st.stm32cube.ide.mcu.externaltools.gnu-tools-for-stm32.12.3.rel1.win32_1.1.0.202410251130/tools/bin/../lib/gcc/arm-none-eabi/12.3.1/../../../../arm-none-eabi/lib/thumb/v7e-m+fp/hard\libc_nano.a(libc_a-stdio.o)
                0x08006148                __sread
 .text.__swrite
                0x0800616a       0x38 C:/ST/STM32CubeIDE_1.17.0/STM32CubeIDE/plugins/com.st.stm32cube.ide.mcu.externaltools.gnu-tools-for-stm32.12.3.rel1.win32_1.1.0.202410251130/tools/bin/../lib/gcc/arm-none-eabi/12.3.1/../../../../arm-none-eabi/lib/thumb/v7e-m+fp/hard\libc_nano.a(libc_a-stdio.o)
                0x0800616a                __swrite
 .text.__sseek  0x080061a2       0x24 C:/ST/STM32CubeIDE_1.17.0/STM32CubeIDE/plugins/com.st.stm32cube.ide.mcu.externaltools.gnu-tools-for-stm32.12.3.rel1.win32_1.1.0.202410251130/tools/bin/../lib/gcc/arm-none-eabi/12.3.1/../../../../arm-none-eabi/lib/thumb/v7e-m+fp/hard\libc_nano.a(libc_a-stdio.o)
                0x080061a2                __sseek
 .text.__sclose
                0x080061c6        0x8 C:/ST/STM32CubeIDE_1.17.0/STM32CubeIDE/plugins/com.st.stm32cube.ide.mcu.externaltools.gnu-tools-for-stm32.12.3.rel1.win32_1.1.0.202410251130/tools/bin/../lib/gcc/arm-none-eabi/12.3.1/../../../../arm-none-eabi/lib/thumb/v7e-m+fp/hard\libc_nano.a(libc_a-stdio.o)
                0x080061c6                __sclose
 .text.memset   0x080061ce       0x10 C:/ST/STM32CubeIDE_1.17.0/STM32CubeIDE/plugins/com.st.stm32cube.ide.mcu.externaltools.gnu-tools-for-stm32.12.3.rel1.win32_1.1.0.202410251130/tools/bin/../lib/gcc/arm-none-eabi/12.3.1/../../../../arm-none-eabi/lib/thumb/v7e-m+fp/hard\libc_nano.a(libc_a-memset.o)
                0x080061ce                memset
 *fill*         0x080061de        0x2 
 .text._close_r
                0x080061e0       0x20 C:/ST/STM32CubeIDE_1.17.0/STM32CubeIDE/plugins/com.st.stm32cube.ide.mcu.externaltools.gnu-tools-for-stm32.12.3.rel1.win32_1.1.0.202410251130/tools/bin/../lib/gcc/arm-none-eabi/12.3.1/../../../../arm-none-eabi/lib/thumb/v7e-m+fp/hard\libc_nano.a(libc_a-closer.o)
                0x080061e0                _close_r
 .text._lseek_r
                0x08006200       0x24 C:/ST/STM32CubeIDE_1.17.0/STM32CubeIDE/plugins/com.st.stm32cube.ide.mcu.externaltools.gnu-tools-for-stm32.12.3.rel1.win32_1.1.0.202410251130/tools/bin/../lib/gcc/arm-none-eabi/12.3.1/../../../../arm-none-eabi/lib/thumb/v7e-m+fp/hard\libc_nano.a(libc_a-lseekr.o)
                0x08006200                _lseek_r
 .text._read_r  0x08006224       0x24 C:/ST/STM32CubeIDE_1.17.0/STM32CubeIDE/plugins/com.st.stm32cube.ide.mcu.externaltools.gnu-tools-for-stm32.12.3.rel1.win32_1.1.0.202410251130/tools/bin/../lib/gcc/arm-none-eabi/12.3.1/../../../../arm-none-eabi/lib/thumb/v7e-m+fp/hard\libc_nano.a(libc_a-readr.o)
                0x08006224                _read_r
 .text._write_r
                0x08006248       0x24 C:/ST/STM32CubeIDE_1.17.0/STM32CubeIDE/plugins/com.st.stm32cube.ide.mcu.externaltools.gnu-tools-for-stm32.12.3.rel1.win32_1.1.0.202410251130/tools/bin/../lib/gcc/arm-none-eabi/12.3.1/../../../../arm-none-eabi/lib/thumb/v7e-m+fp/hard\libc_nano.a(libc_a-writer.o)
                0x08006248                _write_r
 .text.__errno  0x0800626c        0xc C:/ST/STM32CubeIDE_1.17.0/STM32CubeIDE/plugins/com.st.stm32cube.ide.mcu.externaltools.gnu-tools-for-stm32.12.3.rel1.win32_1.1.0.202410251130/tools/bin/../lib/gcc/arm-none-eabi/12.3.1/../../../../arm-none-eabi/lib/thumb/v7e-m+fp/hard\libc_nano.a(libc_a-errno.o)
                0x0800626c                __errno
 .text.__libc_init_array
                0x08006278       0x48 C:/ST/STM32CubeIDE_1.17.0/STM32CubeIDE/plugins/com.st.stm32cube.ide.mcu.externaltools.gnu-tools-for-stm32.12.3.rel1.win32_1.1.0.202410251130/tools/bin/../lib/gcc/arm-none-eabi/12.3.1/../../../../arm-none-eabi/lib/thumb/v7e-m+fp/hard\libc_nano.a(libc_a-init.o)
                0x08006278                __libc_init_array
 .text.__retarget_lock_init_recursive
                0x080062c0        0x2 C:/ST/STM32CubeIDE_1.17.0/STM32CubeIDE/plugins/com.st.stm32cube.ide.mcu.externaltools.gnu-tools-for-stm32.12.3.rel1.win32_1.1.0.202410251130/tools/bin/../lib/gcc/arm-none-eabi/12.3.1/../../../../arm-none-eabi/lib/thumb/v7e-m+fp/hard\libc_nano.a(libc_a-lock.o)
                0x080062c0                __retarget_lock_init_recursive
 .text.__retarget_lock_acquire_recursive
                0x080062c2        0x2 C:/ST/STM32CubeIDE_1.17.0/STM32CubeIDE/plugins/com.st.stm32cube.ide.mcu.externaltools.gnu-tools-for-stm32.12.3.rel1.win32_1.1.0.202410251130/tools/bin/../lib/gcc/arm-none-eabi/12.3.1/../../../../arm-none-eabi/lib/thumb/v7e-m+fp/hard\libc_nano.a(libc_a-lock.o)
                0x080062c2                __retarget_lock_acquire_recursive
 .text.__retarget_lock_release_recursive
                0x080062c4        0x2 C:/ST/STM32CubeIDE_1.17.0/STM32CubeIDE/plugins/com.st.stm32cube.ide.mcu.externaltools.gnu-tools-for-stm32.12.3.rel1.win32_1.1.0.202410251130/tools/bin/../lib/gcc/arm-none-eabi/12.3.1/../../../../arm-none-eabi/lib/thumb/v7e-m+fp/hard\libc_nano.a(libc_a-lock.o)
                0x080062c4                __retarget_lock_release_recursive
 .text.memcpy   0x080062c6       0x1c C:/ST/STM32CubeIDE_1.17.0/STM32CubeIDE/plugins/com.st.stm32cube.ide.mcu.externaltools.gnu-tools-for-stm32.12.3.rel1.win32_1.1.0.202410251130/tools/bin/../lib/gcc/arm-none-eabi/12.3.1/../../../../arm-none-eabi/lib/thumb/v7e-m+fp/hard\libc_nano.a(libc_a-memcpy-stub.o)
                0x080062c6                memcpy
 *fill*         0x080062e2        0x2 
 .text._free_r  0x080062e4       0x94 C:/ST/STM32CubeIDE_1.17.0/STM32CubeIDE/plugins/com.st.stm32cube.ide.mcu.externaltools.gnu-tools-for-stm32.12.3.rel1.win32_1.1.0.202410251130/tools/bin/../lib/gcc/arm-none-eabi/12.3.1/../../../../arm-none-eabi/lib/thumb/v7e-m+fp/hard\libc_nano.a(libc_a-freer.o)
                0x080062e4                _free_r
 .text.sbrk_aligned
                0x08006378       0x44 C:/ST/STM32CubeIDE_1.17.0/STM32CubeIDE/plugins/com.st.stm32cube.ide.mcu.externaltools.gnu-tools-for-stm32.12.3.rel1.win32_1.1.0.202410251130/tools/bin/../lib/gcc/arm-none-eabi/12.3.1/../../../../arm-none-eabi/lib/thumb/v7e-m+fp/hard\libc_nano.a(libc_a-mallocr.o)
 .text._malloc_r
                0x080063bc      0x100 C:/ST/STM32CubeIDE_1.17.0/STM32CubeIDE/plugins/com.st.stm32cube.ide.mcu.externaltools.gnu-tools-for-stm32.12.3.rel1.win32_1.1.0.202410251130/tools/bin/../lib/gcc/arm-none-eabi/12.3.1/../../../../arm-none-eabi/lib/thumb/v7e-m+fp/hard\libc_nano.a(libc_a-mallocr.o)
                0x080063bc                _malloc_r
 .text.__malloc_lock
                0x080064bc        0xc C:/ST/STM32CubeIDE_1.17.0/STM32CubeIDE/plugins/com.st.stm32cube.ide.mcu.externaltools.gnu-tools-for-stm32.12.3.rel1.win32_1.1.0.202410251130/tools/bin/../lib/gcc/arm-none-eabi/12.3.1/../../../../arm-none-eabi/lib/thumb/v7e-m+fp/hard\libc_nano.a(libc_a-mlock.o)
                0x080064bc                __malloc_lock
 .text.__malloc_unlock
                0x080064c8        0xc C:/ST/STM32CubeIDE_1.17.0/STM32CubeIDE/plugins/com.st.stm32cube.ide.mcu.externaltools.gnu-tools-for-stm32.12.3.rel1.win32_1.1.0.202410251130/tools/bin/../lib/gcc/arm-none-eabi/12.3.1/../../../../arm-none-eabi/lib/thumb/v7e-m+fp/hard\libc_nano.a(libc_a-mlock.o)
                0x080064c8                __malloc_unlock
 .text.__sfputc_r
                0x080064d4       0x2e C:/ST/STM32CubeIDE_1.17.0/STM32CubeIDE/plugins/com.st.stm32cube.ide.mcu.externaltools.gnu-tools-for-stm32.12.3.rel1.win32_1.1.0.202410251130/tools/bin/../lib/gcc/arm-none-eabi/12.3.1/../../../../arm-none-eabi/lib/thumb/v7e-m+fp/hard\libc_nano.a(libc_a-nano-vfprintf.o)
 .text.__sfputs_r
                0x08006502       0x24 C:/ST/STM32CubeIDE_1.17.0/STM32CubeIDE/plugins/com.st.stm32cube.ide.mcu.externaltools.gnu-tools-for-stm32.12.3.rel1.win32_1.1.0.202410251130/tools/bin/../lib/gcc/arm-none-eabi/12.3.1/../../../../arm-none-eabi/lib/thumb/v7e-m+fp/hard\libc_nano.a(libc_a-nano-vfprintf.o)
                0x08006502                __sfputs_r
 *fill*         0x08006526        0x2 
 .text._vfprintf_r
                0x08006528      0x230 C:/ST/STM32CubeIDE_1.17.0/STM32CubeIDE/plugins/com.st.stm32cube.ide.mcu.externaltools.gnu-tools-for-stm32.12.3.rel1.win32_1.1.0.202410251130/tools/bin/../lib/gcc/arm-none-eabi/12.3.1/../../../../arm-none-eabi/lib/thumb/v7e-m+fp/hard\libc_nano.a(libc_a-nano-vfprintf.o)
                0x08006528                _vfprintf_r
                0x08006528                _vfiprintf_r
 .text._printf_common
                0x08006758       0xda C:/ST/STM32CubeIDE_1.17.0/STM32CubeIDE/plugins/com.st.stm32cube.ide.mcu.externaltools.gnu-tools-for-stm32.12.3.rel1.win32_1.1.0.202410251130/tools/bin/../lib/gcc/arm-none-eabi/12.3.1/../../../../arm-none-eabi/lib/thumb/v7e-m+fp/hard\libc_nano.a(libc_a-nano-vfprintf_i.o)
                0x08006758                _printf_common
 *fill*         0x08006832        0x2 
 .text._printf_i
                0x08006834      0x240 C:/ST/STM32CubeIDE_1.17.0/STM32CubeIDE/plugins/com.st.stm32cube.ide.mcu.externaltools.gnu-tools-for-stm32.12.3.rel1.win32_1.1.0.202410251130/tools/bin/../lib/gcc/arm-none-eabi/12.3.1/../../../../arm-none-eabi/lib/thumb/v7e-m+fp/hard\libc_nano.a(libc_a-nano-vfprintf_i.o)
                0x08006834                _printf_i
 .text.__sflush_r
                0x08006a74      0x108 C:/ST/STM32CubeIDE_1.17.0/STM32CubeIDE/plugins/com.st.stm32cube.ide.mcu.externaltools.gnu-tools-for-stm32.12.3.rel1.win32_1.1.0.202410251130/tools/bin/../lib/gcc/arm-none-eabi/12.3.1/../../../../arm-none-eabi/lib/thumb/v7e-m+fp/hard\libc_nano.a(libc_a-fflush.o)
                0x08006a74                __sflush_r
 .text._fflush_r
                0x08006b7c       0x50 C:/ST/STM32CubeIDE_1.17.0/STM32CubeIDE/plugins/com.st.stm32cube.ide.mcu.externaltools.gnu-tools-for-stm32.12.3.rel1.win32_1.1.0.202410251130/tools/bin/../lib/gcc/arm-none-eabi/12.3.1/../../../../arm-none-eabi/lib/thumb/v7e-m+fp/hard\libc_nano.a(libc_a-fflush.o)
                0x08006b7c                _fflush_r
 .text.__swbuf_r
                0x08006bcc       0x7c C:/ST/STM32CubeIDE_1.17.0/STM32CubeIDE/plugins/com.st.stm32cube.ide.mcu.externaltools.gnu-tools-for-stm32.12.3.rel1.win32_1.1.0.202410251130/tools/bin/../lib/gcc/arm-none-eabi/12.3.1/../../../../arm-none-eabi/lib/thumb/v7e-m+fp/hard\libc_nano.a(libc_a-wbuf.o)
                0x08006bcc                __swbuf_r
 .text.__swsetup_r
                0x08006c48       0xac C:/ST/STM32CubeIDE_1.17.0/STM32CubeIDE/plugins/com.st.stm32cube.ide.mcu.externaltools.gnu-tools-for-stm32.12.3.rel1.win32_1.1.0.202410251130/tools/bin/../lib/gcc/arm-none-eabi/12.3.1/../../../../arm-none-eabi/lib/thumb/v7e-m+fp/hard\libc_nano.a(libc_a-wsetup.o)
                0x08006c48                __swsetup_r
 .text._sbrk_r  0x08006cf4       0x20 C:/ST/STM32CubeIDE_1.17.0/STM32CubeIDE/plugins/com.st.stm32cube.ide.mcu.externaltools.gnu-tools-for-stm32.12.3.rel1.win32_1.1.0.202410251130/tools/bin/../lib/gcc/arm-none-eabi/12.3.1/../../../../arm-none-eabi/lib/thumb/v7e-m+fp/hard\libc_nano.a(libc_a-sbrkr.o)
                0x08006cf4                _sbrk_r
 .text.__swhatbuf_r
                0x08006d14       0x4c C:/ST/STM32CubeIDE_1.17.0/STM32CubeIDE/plugins/com.st.stm32cube.ide.mcu.externaltools.gnu-tools-for-stm32.12.3.rel1.win32_1.1.0.202410251130/tools/bin/../lib/gcc/arm-none-eabi/12.3.1/../../../../arm-none-eabi/lib/thumb/v7e-m+fp/hard\libc_nano.a(libc_a-makebuf.o)
                0x08006d14                __swhatbuf_r
 .text.__smakebuf_r
                0x08006d60       0x78 C:/ST/STM32CubeIDE_1.17.0/STM32CubeIDE/plugins/com.st.stm32cube.ide.mcu.externaltools.gnu-tools-for-stm32.12.3.rel1.win32_1.1.0.202410251130/tools/bin/../lib/gcc/arm-none-eabi/12.3.1/../../../../arm-none-eabi/lib/thumb/v7e-m+fp/hard\libc_nano.a(libc_a-makebuf.o)
                0x08006d60                __smakebuf_r
 .text._fstat_r
                0x08006dd8       0x24 C:/ST/STM32CubeIDE_1.17.0/STM32CubeIDE/plugins/com.st.stm32cube.ide.mcu.externaltools.gnu-tools-for-stm32.12.3.rel1.win32_1.1.0.202410251130/tools/bin/../lib/gcc/arm-none-eabi/12.3.1/../../../../arm-none-eabi/lib/thumb/v7e-m+fp/hard\libc_nano.a(libc_a-fstatr.o)
                0x08006dd8                _fstat_r
 .text._isatty_r
                0x08006dfc       0x20 C:/ST/STM32CubeIDE_1.17.0/STM32CubeIDE/plugins/com.st.stm32cube.ide.mcu.externaltools.gnu-tools-for-stm32.12.3.rel1.win32_1.1.0.202410251130/tools/bin/../lib/gcc/arm-none-eabi/12.3.1/../../../../arm-none-eabi/lib/thumb/v7e-m+fp/hard\libc_nano.a(libc_a-isattyr.o)
                0x08006dfc                _isatty_r
 *(.glue_7)
 .glue_7        0x08006e1c        0x0 linker stubs
 *(.glue_7t)
 .glue_7t       0x08006e1c        0x0 linker stubs
 *(.eh_frame)
 .eh_frame      0x08006e1c        0x0 C:/ST/STM32CubeIDE_1.17.0/STM32CubeIDE/plugins/com.st.stm32cube.ide.mcu.externaltools.gnu-tools-for-stm32.12.3.rel1.win32_1.1.0.202410251130/tools/bin/../lib/gcc/arm-none-eabi/12.3.1/thumb/v7e-m+fp/hard/crtbegin.o
 *(.init)
 .init          0x08006e1c        0x4 C:/ST/STM32CubeIDE_1.17.0/STM32CubeIDE/plugins/com.st.stm32cube.ide.mcu.externaltools.gnu-tools-for-stm32.12.3.rel1.win32_1.1.0.202410251130/tools/bin/../lib/gcc/arm-none-eabi/12.3.1/thumb/v7e-m+fp/hard/crti.o
                0x08006e1c                _init
 .init          0x08006e20        0x8 C:/ST/STM32CubeIDE_1.17.0/STM32CubeIDE/plugins/com.st.stm32cube.ide.mcu.externaltools.gnu-tools-for-stm32.12.3.rel1.win32_1.1.0.202410251130/tools/bin/../lib/gcc/arm-none-eabi/12.3.1/thumb/v7e-m+fp/hard/crtn.o
 *(.fini)
 .fini          0x08006e28        0x4 C:/ST/STM32CubeIDE_1.17.0/STM32CubeIDE/plugins/com.st.stm32cube.ide.mcu.externaltools.gnu-tools-for-stm32.12.3.rel1.win32_1.1.0.202410251130/tools/bin/../lib/gcc/arm-none-eabi/12.3.1/thumb/v7e-m+fp/hard/crti.o
                0x08006e28                _fini
 .fini          0x08006e2c        0x8 C:/ST/STM32CubeIDE_1.17.0/STM32CubeIDE/plugins/com.st.stm32cube.ide.mcu.externaltools.gnu-tools-for-stm32.12.3.rel1.win32_1.1.0.202410251130/tools/bin/../lib/gcc/arm-none-eabi/12.3.1/thumb/v7e-m+fp/hard/crtn.o
                0x08006e34                        . = ALIGN (0x4)
                0x08006e34                        _etext = .

.vfp11_veneer   0x08006e34        0x0
 .vfp11_veneer  0x08006e34        0x0 linker stubs

.v4_bx          0x08006e34        0x0
 .v4_bx         0x08006e34        0x0 linker stubs

.iplt           0x08006e34        0x0
 .iplt          0x08006e34        0x0 C:/ST/STM32CubeIDE_1.17.0/STM32CubeIDE/plugins/com.st.stm32cube.ide.mcu.externaltools.gnu-tools-for-stm32.12.3.rel1.win32_1.1.0.202410251130/tools/bin/../lib/gcc/arm-none-eabi/12.3.1/thumb/v7e-m+fp/hard/crtbegin.o

.rodata         0x08006e34      0x394
                0x08006e34                        . = ALIGN (0x4)
 *(.rodata)
 .rodata        0x08006e34      0x28a ./Core/Src/main.o
 *fill*         0x080070be        0x2 
 .rodata        0x080070c0       0x44 ./Middlewares/Third_Party/FatFs/src/ff.o
 *(.rodata*)
 .rodata.AHBPrescTable
                0x08007104       0x10 ./Core/Src/system_stm32f4xx.o
                0x08007104                AHBPrescTable
 .rodata.ExCvt  0x08007114       0x80 ./Middlewares/Third_Party/FatFs/src/ff.o
 .rodata._vfprintf_r.str1.1
                0x08007194       0x11 C:/ST/STM32CubeIDE_1.17.0/STM32CubeIDE/plugins/com.st.stm32cube.ide.mcu.externaltools.gnu-tools-for-stm32.12.3.rel1.win32_1.1.0.202410251130/tools/bin/../lib/gcc/arm-none-eabi/12.3.1/../../../../arm-none-eabi/lib/thumb/v7e-m+fp/hard\libc_nano.a(libc_a-nano-vfprintf.o)
 .rodata._printf_i.str1.1
                0x080071a5       0x22 C:/ST/STM32CubeIDE_1.17.0/STM32CubeIDE/plugins/com.st.stm32cube.ide.mcu.externaltools.gnu-tools-for-stm32.12.3.rel1.win32_1.1.0.202410251130/tools/bin/../lib/gcc/arm-none-eabi/12.3.1/../../../../arm-none-eabi/lib/thumb/v7e-m+fp/hard\libc_nano.a(libc_a-nano-vfprintf_i.o)
                0x080071c8                        . = ALIGN (0x4)
 *fill*         0x080071c7        0x1 

.ARM.extab      0x080071c8        0x0
                0x080071c8                        . = ALIGN (0x4)
 *(.ARM.extab* .gnu.linkonce.armextab.*)
                0x080071c8                        . = ALIGN (0x4)

.ARM            0x080071c8        0x8
                0x080071c8                        . = ALIGN (0x4)
                0x080071c8                        __exidx_start = .
 *(.ARM.exidx*)
 .ARM.exidx     0x080071c8        0x8 C:/ST/STM32CubeIDE_1.17.0/STM32CubeIDE/plugins/com.st.stm32cube.ide.mcu.externaltools.gnu-tools-for-stm32.12.3.rel1.win32_1.1.0.202410251130/tools/bin/../lib/gcc/arm-none-eabi/12.3.1/../../../../arm-none-eabi/lib/thumb/v7e-m+fp/hard\libc_nano.a(libc_a-memchr.o)
 .ARM.exidx     0x080071d0        0x0 C:/ST/STM32CubeIDE_1.17.0/STM32CubeIDE/plugins/com.st.stm32cube.ide.mcu.externaltools.gnu-tools-for-stm32.12.3.rel1.win32_1.1.0.202410251130/tools/bin/../lib/gcc/arm-none-eabi/12.3.1/thumb/v7e-m+fp/hard\libgcc.a(_udivmoddi4.o)
                                  0x8 (size before relaxing)
                0x080071d0                        __exidx_end = .
                0x080071d0                        . = ALIGN (0x4)

.preinit_array  0x080071d0        0x0
                0x080071d0                        . = ALIGN (0x4)
                0x080071d0                        PROVIDE (__preinit_array_start = .)
 *(.preinit_array*)
                0x080071d0                        PROVIDE (__preinit_array_end = .)
                0x080071d0                        . = ALIGN (0x4)

.init_array     0x080071d0        0x4
                0x080071d0                        . = ALIGN (0x4)
                0x080071d0                        PROVIDE (__init_array_start = .)
 *(SORT_BY_NAME(.init_array.*))
 *(.init_array*)
 .init_array    0x080071d0        0x4 C:/ST/STM32CubeIDE_1.17.0/STM32CubeIDE/plugins/com.st.stm32cube.ide.mcu.externaltools.gnu-tools-for-stm32.12.3.rel1.win32_1.1.0.202410251130/tools/bin/../lib/gcc/arm-none-eabi/12.3.1/thumb/v7e-m+fp/hard/crtbegin.o
                0x080071d4                        PROVIDE (__init_array_end = .)
                0x080071d4                        . = ALIGN (0x4)

.fini_array     0x080071d4        0x4
                0x080071d4                        . = ALIGN (0x4)
                [!provide]                        PROVIDE (__fini_array_start = .)
 *(SORT_BY_NAME(.fini_array.*))
 *(.fini_array*)
 .fini_array    0x080071d4        0x4 C:/ST/STM32CubeIDE_1.17.0/STM32CubeIDE/plugins/com.st.stm32cube.ide.mcu.externaltools.gnu-tools-for-stm32.12.3.rel1.win32_1.1.0.202410251130/tools/bin/../lib/gcc/arm-none-eabi/12.3.1/thumb/v7e-m+fp/hard/crtbegin.o
                [!provide]                        PROVIDE (__fini_array_end = .)
                0x080071d8                        . = ALIGN (0x4)
                0x080071d8                        _sidata = LOADADDR (.data)

.rel.dyn        0x080071d8        0x0
 .rel.iplt      0x080071d8        0x0 C:/ST/STM32CubeIDE_1.17.0/STM32CubeIDE/plugins/com.st.stm32cube.ide.mcu.externaltools.gnu-tools-for-stm32.12.3.rel1.win32_1.1.0.202410251130/tools/bin/../lib/gcc/arm-none-eabi/12.3.1/thumb/v7e-m+fp/hard/crtbegin.o

.data           0x20000000       0x80 load address 0x080071d8
                0x20000000                        . = ALIGN (0x4)
                0x20000000                        _sdata = .
 *(.data)
 *(.data*)
 .data.Stat     0x20000000        0x1 ./Core/Src/fatfs_sd.o
 *fill*         0x20000001        0x3 
 .data.SystemCoreClock
                0x20000004        0x4 ./Core/Src/system_stm32f4xx.o
                0x20000004                SystemCoreClock
 .data.uwTickPrio
                0x20000008        0x4 ./Drivers/STM32F4xx_HAL_Driver/Src/stm32f4xx_hal.o
                0x20000008                uwTickPrio
 .data.uwTickFreq
                0x2000000c        0x1 ./Drivers/STM32F4xx_HAL_Driver/Src/stm32f4xx_hal.o
                0x2000000c                uwTickFreq
 *fill*         0x2000000d        0x3 
 .data.USER_Driver
                0x20000010       0x14 ./FATFS/Target/user_diskio.o
                0x20000010                USER_Driver
 .data.__sglue  0x20000024        0xc C:/ST/STM32CubeIDE_1.17.0/STM32CubeIDE/plugins/com.st.stm32cube.ide.mcu.externaltools.gnu-tools-for-stm32.12.3.rel1.win32_1.1.0.202410251130/tools/bin/../lib/gcc/arm-none-eabi/12.3.1/../../../../arm-none-eabi/lib/thumb/v7e-m+fp/hard\libc_nano.a(libc_a-findfp.o)
                0x20000024                __sglue
 .data._impure_ptr
                0x20000030        0x4 C:/ST/STM32CubeIDE_1.17.0/STM32CubeIDE/plugins/com.st.stm32cube.ide.mcu.externaltools.gnu-tools-for-stm32.12.3.rel1.win32_1.1.0.202410251130/tools/bin/../lib/gcc/arm-none-eabi/12.3.1/../../../../arm-none-eabi/lib/thumb/v7e-m+fp/hard\libc_nano.a(libc_a-impure.o)
                0x20000030                _impure_ptr
 .data._impure_data
                0x20000034       0x4c C:/ST/STM32CubeIDE_1.17.0/STM32CubeIDE/plugins/com.st.stm32cube.ide.mcu.externaltools.gnu-tools-for-stm32.12.3.rel1.win32_1.1.0.202410251130/tools/bin/../lib/gcc/arm-none-eabi/12.3.1/../../../../arm-none-eabi/lib/thumb/v7e-m+fp/hard\libc_nano.a(libc_a-impure.o)
                0x20000034                _impure_data
 *(.RamFunc)
 *(.RamFunc*)
                0x20000080                        . = ALIGN (0x4)
                0x20000080                        _edata = .

.igot.plt       0x20000080        0x0 load address 0x08007258
 .igot.plt      0x20000080        0x0 C:/ST/STM32CubeIDE_1.17.0/STM32CubeIDE/plugins/com.st.stm32cube.ide.mcu.externaltools.gnu-tools-for-stm32.12.3.rel1.win32_1.1.0.202410251130/tools/bin/../lib/gcc/arm-none-eabi/12.3.1/thumb/v7e-m+fp/hard/crtbegin.o
                0x20000080                        . = ALIGN (0x4)

.bss            0x20000080      0xe88 load address 0x08007258
                0x20000080                        _sbss = .
                0x20000080                        __bss_start__ = _sbss
 *(.bss)
 .bss           0x20000080       0x1c C:/ST/STM32CubeIDE_1.17.0/STM32CubeIDE/plugins/com.st.stm32cube.ide.mcu.externaltools.gnu-tools-for-stm32.12.3.rel1.win32_1.1.0.202410251130/tools/bin/../lib/gcc/arm-none-eabi/12.3.1/thumb/v7e-m+fp/hard/crtbegin.o
 *(.bss*)
 .bss.CardType  0x2000009c        0x1 ./Core/Src/fatfs_sd.o
 .bss.PowerFlag
                0x2000009d        0x1 ./Core/Src/fatfs_sd.o
 *fill*         0x2000009e        0x2 
 .bss.hspi2     0x200000a0       0x58 ./Core/Src/main.o
                0x200000a0                hspi2
 .bss.filesystem
                0x200000f8      0x230 ./Core/Src/main.o
                0x200000f8                filesystem
 .bss.file      0x20000328      0x230 ./Core/Src/main.o
                0x20000328                file
 .bss.fresult   0x20000558        0x1 ./Core/Src/main.o
                0x20000558                fresult
 *fill*         0x20000559        0x3 
 .bss.br        0x2000055c        0x4 ./Core/Src/main.o
                0x2000055c                br
 .bss.bw        0x20000560        0x4 ./Core/Src/main.o
                0x20000560                bw
 .bss.pfs       0x20000564        0x4 ./Core/Src/main.o
                0x20000564                pfs
 .bss.fre_clust
                0x20000568        0x4 ./Core/Src/main.o
                0x20000568                fre_clust
 .bss.total     0x2000056c        0x4 ./Core/Src/main.o
                0x2000056c                total
 .bss.free_space
                0x20000570        0x4 ./Core/Src/main.o
                0x20000570                free_space
 .bss.buffer    0x20000574      0x800 ./Core/Src/main.o
                0x20000574                buffer
 .bss.FatFsCount
                0x20000d74        0x1 ./Core/Src/stm32f4xx_it.o
                0x20000d74                FatFsCount
 .bss.Timer1    0x20000d75        0x1 ./Core/Src/stm32f4xx_it.o
                0x20000d75                Timer1
 .bss.Timer2    0x20000d76        0x1 ./Core/Src/stm32f4xx_it.o
                0x20000d76                Timer2
 *fill*         0x20000d77        0x1 
 .bss.__sbrk_heap_end
                0x20000d78        0x4 ./Core/Src/sysmem.o
 .bss.uwTick    0x20000d7c        0x4 ./Drivers/STM32F4xx_HAL_Driver/Src/stm32f4xx_hal.o
                0x20000d7c                uwTick
 .bss.retUSER   0x20000d80        0x1 ./FATFS/App/fatfs.o
                0x20000d80                retUSER
 *fill*         0x20000d81        0x3 
 .bss.USERPath  0x20000d84        0x4 ./FATFS/App/fatfs.o
                0x20000d84                USERPath
 .bss.FatFs     0x20000d88        0x4 ./Middlewares/Third_Party/FatFs/src/ff.o
 .bss.Fsid      0x20000d8c        0x2 ./Middlewares/Third_Party/FatFs/src/ff.o
 *fill*         0x20000d8e        0x2 
 .bss.Files     0x20000d90       0x20 ./Middlewares/Third_Party/FatFs/src/ff.o
 .bss.disk      0x20000db0        0xc ./Middlewares/Third_Party/FatFs/src/ff_gen_drv.o
                0x20000db0                disk
 .bss.__sf      0x20000dbc      0x138 C:/ST/STM32CubeIDE_1.17.0/STM32CubeIDE/plugins/com.st.stm32cube.ide.mcu.externaltools.gnu-tools-for-stm32.12.3.rel1.win32_1.1.0.202410251130/tools/bin/../lib/gcc/arm-none-eabi/12.3.1/../../../../arm-none-eabi/lib/thumb/v7e-m+fp/hard\libc_nano.a(libc_a-findfp.o)
                0x20000dbc                __sf
 .bss.__stdio_exit_handler
                0x20000ef4        0x4 C:/ST/STM32CubeIDE_1.17.0/STM32CubeIDE/plugins/com.st.stm32cube.ide.mcu.externaltools.gnu-tools-for-stm32.12.3.rel1.win32_1.1.0.202410251130/tools/bin/../lib/gcc/arm-none-eabi/12.3.1/../../../../arm-none-eabi/lib/thumb/v7e-m+fp/hard\libc_nano.a(libc_a-findfp.o)
                0x20000ef4                __stdio_exit_handler
 .bss.errno     0x20000ef8        0x4 C:/ST/STM32CubeIDE_1.17.0/STM32CubeIDE/plugins/com.st.stm32cube.ide.mcu.externaltools.gnu-tools-for-stm32.12.3.rel1.win32_1.1.0.202410251130/tools/bin/../lib/gcc/arm-none-eabi/12.3.1/../../../../arm-none-eabi/lib/thumb/v7e-m+fp/hard\libc_nano.a(libc_a-reent.o)
                0x20000ef8                errno
 .bss.__lock___malloc_recursive_mutex
                0x20000efc        0x1 C:/ST/STM32CubeIDE_1.17.0/STM32CubeIDE/plugins/com.st.stm32cube.ide.mcu.externaltools.gnu-tools-for-stm32.12.3.rel1.win32_1.1.0.202410251130/tools/bin/../lib/gcc/arm-none-eabi/12.3.1/../../../../arm-none-eabi/lib/thumb/v7e-m+fp/hard\libc_nano.a(libc_a-lock.o)
                0x20000efc                __lock___malloc_recursive_mutex
 .bss.__lock___sfp_recursive_mutex
                0x20000efd        0x1 C:/ST/STM32CubeIDE_1.17.0/STM32CubeIDE/plugins/com.st.stm32cube.ide.mcu.externaltools.gnu-tools-for-stm32.12.3.rel1.win32_1.1.0.202410251130/tools/bin/../lib/gcc/arm-none-eabi/12.3.1/../../../../arm-none-eabi/lib/thumb/v7e-m+fp/hard\libc_nano.a(libc_a-lock.o)
                0x20000efd                __lock___sfp_recursive_mutex
 *fill*         0x20000efe        0x2 
 .bss.__malloc_sbrk_start
                0x20000f00        0x4 C:/ST/STM32CubeIDE_1.17.0/STM32CubeIDE/plugins/com.st.stm32cube.ide.mcu.externaltools.gnu-tools-for-stm32.12.3.rel1.win32_1.1.0.202410251130/tools/bin/../lib/gcc/arm-none-eabi/12.3.1/../../../../arm-none-eabi/lib/thumb/v7e-m+fp/hard\libc_nano.a(libc_a-mallocr.o)
                0x20000f00                __malloc_sbrk_start
 .bss.__malloc_free_list
                0x20000f04        0x4 C:/ST/STM32CubeIDE_1.17.0/STM32CubeIDE/plugins/com.st.stm32cube.ide.mcu.externaltools.gnu-tools-for-stm32.12.3.rel1.win32_1.1.0.202410251130/tools/bin/../lib/gcc/arm-none-eabi/12.3.1/../../../../arm-none-eabi/lib/thumb/v7e-m+fp/hard\libc_nano.a(libc_a-mallocr.o)
                0x20000f04                __malloc_free_list
 *(COMMON)
                0x20000f08                        . = ALIGN (0x4)
                0x20000f08                        _ebss = .
                0x20000f08                        __bss_end__ = _ebss

._user_heap_stack
                0x20000f08      0x600 load address 0x08007258
                0x20000f08                        . = ALIGN (0x8)
                [!provide]                        PROVIDE (end = .)
                0x20000f08                        PROVIDE (_end = .)
                0x20001108                        . = (. + _Min_Heap_Size)
 *fill*         0x20000f08      0x200 
                0x20001508                        . = (. + _Min_Stack_Size)
 *fill*         0x20001108      0x400 
                0x20001508                        . = ALIGN (0x8)

/DISCARD/
 libc.a(*)
 libm.a(*)
 libgcc.a(*)

.ARM.attributes
                0x00000000       0x30
 *(.ARM.attributes)
 .ARM.attributes
                0x00000000       0x22 C:/ST/STM32CubeIDE_1.17.0/STM32CubeIDE/plugins/com.st.stm32cube.ide.mcu.externaltools.gnu-tools-for-stm32.12.3.rel1.win32_1.1.0.202410251130/tools/bin/../lib/gcc/arm-none-eabi/12.3.1/thumb/v7e-m+fp/hard/crti.o
 .ARM.attributes
                0x00000022       0x34 C:/ST/STM32CubeIDE_1.17.0/STM32CubeIDE/plugins/com.st.stm32cube.ide.mcu.externaltools.gnu-tools-for-stm32.12.3.rel1.win32_1.1.0.202410251130/tools/bin/../lib/gcc/arm-none-eabi/12.3.1/thumb/v7e-m+fp/hard/crtbegin.o
 .ARM.attributes
                0x00000056       0x34 ./Core/Src/fatfs_sd.o
 .ARM.attributes
                0x0000008a       0x34 ./Core/Src/main.o
 .ARM.attributes
                0x000000be       0x34 ./Core/Src/stm32f4xx_hal_msp.o
 .ARM.attributes
                0x000000f2       0x34 ./Core/Src/stm32f4xx_it.o
 .ARM.attributes
                0x00000126       0x34 ./Core/Src/syscalls.o
 .ARM.attributes
                0x0000015a       0x34 ./Core/Src/sysmem.o
 .ARM.attributes
                0x0000018e       0x34 ./Core/Src/system_stm32f4xx.o
 .ARM.attributes
                0x000001c2       0x21 ./Core/Startup/startup_stm32f411vetx.o
 .ARM.attributes
                0x000001e3       0x34 ./Drivers/STM32F4xx_HAL_Driver/Src/stm32f4xx_hal.o
 .ARM.attributes
                0x00000217       0x34 ./Drivers/STM32F4xx_HAL_Driver/Src/stm32f4xx_hal_cortex.o
 .ARM.attributes
                0x0000024b       0x34 ./Drivers/STM32F4xx_HAL_Driver/Src/stm32f4xx_hal_gpio.o
 .ARM.attributes
                0x0000027f       0x34 ./Drivers/STM32F4xx_HAL_Driver/Src/stm32f4xx_hal_rcc.o
 .ARM.attributes
                0x000002b3       0x34 ./Drivers/STM32F4xx_HAL_Driver/Src/stm32f4xx_hal_spi.o
 .ARM.attributes
                0x000002e7       0x34 ./FATFS/App/fatfs.o
 .ARM.attributes
                0x0000031b       0x34 ./FATFS/Target/user_diskio.o
 .ARM.attributes
                0x0000034f       0x34 ./Middlewares/Third_Party/FatFs/src/diskio.o
 .ARM.attributes
                0x00000383       0x34 ./Middlewares/Third_Party/FatFs/src/ff.o
 .ARM.attributes
                0x000003b7       0x34 ./Middlewares/Third_Party/FatFs/src/ff_gen_drv.o
 .ARM.attributes
                0x000003eb       0x34 C:/ST/STM32CubeIDE_1.17.0/STM32CubeIDE/plugins/com.st.stm32cube.ide.mcu.externaltools.gnu-tools-for-stm32.12.3.rel1.win32_1.1.0.202410251130/tools/bin/../lib/gcc/arm-none-eabi/12.3.1/../../../../arm-none-eabi/lib/thumb/v7e-m+fp/hard\libc_nano.a(libc_a-findfp.o)
 .ARM.attributes
                0x0000041f       0x34 C:/ST/STM32CubeIDE_1.17.0/STM32CubeIDE/plugins/com.st.stm32cube.ide.mcu.externaltools.gnu-tools-for-stm32.12.3.rel1.win32_1.1.0.202410251130/tools/bin/../lib/gcc/arm-none-eabi/12.3.1/../../../../arm-none-eabi/lib/thumb/v7e-m+fp/hard\libc_nano.a(libc_a-fwalk.o)
 .ARM.attributes
                0x00000453       0x34 C:/ST/STM32CubeIDE_1.17.0/STM32CubeIDE/plugins/com.st.stm32cube.ide.mcu.externaltools.gnu-tools-for-stm32.12.3.rel1.win32_1.1.0.202410251130/tools/bin/../lib/gcc/arm-none-eabi/12.3.1/../../../../arm-none-eabi/lib/thumb/v7e-m+fp/hard\libc_nano.a(libc_a-printf.o)
 .ARM.attributes
                0x00000487       0x34 C:/ST/STM32CubeIDE_1.17.0/STM32CubeIDE/plugins/com.st.stm32cube.ide.mcu.externaltools.gnu-tools-for-stm32.12.3.rel1.win32_1.1.0.202410251130/tools/bin/../lib/gcc/arm-none-eabi/12.3.1/../../../../arm-none-eabi/lib/thumb/v7e-m+fp/hard\libc_nano.a(libc_a-stdio.o)
 .ARM.attributes
                0x000004bb       0x34 C:/ST/STM32CubeIDE_1.17.0/STM32CubeIDE/plugins/com.st.stm32cube.ide.mcu.externaltools.gnu-tools-for-stm32.12.3.rel1.win32_1.1.0.202410251130/tools/bin/../lib/gcc/arm-none-eabi/12.3.1/../../../../arm-none-eabi/lib/thumb/v7e-m+fp/hard\libc_nano.a(libc_a-memset.o)
 .ARM.attributes
                0x000004ef       0x34 C:/ST/STM32CubeIDE_1.17.0/STM32CubeIDE/plugins/com.st.stm32cube.ide.mcu.externaltools.gnu-tools-for-stm32.12.3.rel1.win32_1.1.0.202410251130/tools/bin/../lib/gcc/arm-none-eabi/12.3.1/../../../../arm-none-eabi/lib/thumb/v7e-m+fp/hard\libc_nano.a(libc_a-closer.o)
 .ARM.attributes
                0x00000523       0x34 C:/ST/STM32CubeIDE_1.17.0/STM32CubeIDE/plugins/com.st.stm32cube.ide.mcu.externaltools.gnu-tools-for-stm32.12.3.rel1.win32_1.1.0.202410251130/tools/bin/../lib/gcc/arm-none-eabi/12.3.1/../../../../arm-none-eabi/lib/thumb/v7e-m+fp/hard\libc_nano.a(libc_a-reent.o)
 .ARM.attributes
                0x00000557       0x34 C:/ST/STM32CubeIDE_1.17.0/STM32CubeIDE/plugins/com.st.stm32cube.ide.mcu.externaltools.gnu-tools-for-stm32.12.3.rel1.win32_1.1.0.202410251130/tools/bin/../lib/gcc/arm-none-eabi/12.3.1/../../../../arm-none-eabi/lib/thumb/v7e-m+fp/hard\libc_nano.a(libc_a-impure.o)
 .ARM.attributes
                0x0000058b       0x34 C:/ST/STM32CubeIDE_1.17.0/STM32CubeIDE/plugins/com.st.stm32cube.ide.mcu.externaltools.gnu-tools-for-stm32.12.3.rel1.win32_1.1.0.202410251130/tools/bin/../lib/gcc/arm-none-eabi/12.3.1/../../../../arm-none-eabi/lib/thumb/v7e-m+fp/hard\libc_nano.a(libc_a-lseekr.o)
 .ARM.attributes
                0x000005bf       0x34 C:/ST/STM32CubeIDE_1.17.0/STM32CubeIDE/plugins/com.st.stm32cube.ide.mcu.externaltools.gnu-tools-for-stm32.12.3.rel1.win32_1.1.0.202410251130/tools/bin/../lib/gcc/arm-none-eabi/12.3.1/../../../../arm-none-eabi/lib/thumb/v7e-m+fp/hard\libc_nano.a(libc_a-readr.o)
 .ARM.attributes
                0x000005f3       0x34 C:/ST/STM32CubeIDE_1.17.0/STM32CubeIDE/plugins/com.st.stm32cube.ide.mcu.externaltools.gnu-tools-for-stm32.12.3.rel1.win32_1.1.0.202410251130/tools/bin/../lib/gcc/arm-none-eabi/12.3.1/../../../../arm-none-eabi/lib/thumb/v7e-m+fp/hard\libc_nano.a(libc_a-writer.o)
 .ARM.attributes
                0x00000627       0x34 C:/ST/STM32CubeIDE_1.17.0/STM32CubeIDE/plugins/com.st.stm32cube.ide.mcu.externaltools.gnu-tools-for-stm32.12.3.rel1.win32_1.1.0.202410251130/tools/bin/../lib/gcc/arm-none-eabi/12.3.1/../../../../arm-none-eabi/lib/thumb/v7e-m+fp/hard\libc_nano.a(libc_a-errno.o)
 .ARM.attributes
                0x0000065b       0x34 C:/ST/STM32CubeIDE_1.17.0/STM32CubeIDE/plugins/com.st.stm32cube.ide.mcu.externaltools.gnu-tools-for-stm32.12.3.rel1.win32_1.1.0.202410251130/tools/bin/../lib/gcc/arm-none-eabi/12.3.1/../../../../arm-none-eabi/lib/thumb/v7e-m+fp/hard\libc_nano.a(libc_a-init.o)
 .ARM.attributes
                0x0000068f       0x34 C:/ST/STM32CubeIDE_1.17.0/STM32CubeIDE/plugins/com.st.stm32cube.ide.mcu.externaltools.gnu-tools-for-stm32.12.3.rel1.win32_1.1.0.202410251130/tools/bin/../lib/gcc/arm-none-eabi/12.3.1/../../../../arm-none-eabi/lib/thumb/v7e-m+fp/hard\libc_nano.a(libc_a-lock.o)
 .ARM.attributes
                0x000006c3       0x34 C:/ST/STM32CubeIDE_1.17.0/STM32CubeIDE/plugins/com.st.stm32cube.ide.mcu.externaltools.gnu-tools-for-stm32.12.3.rel1.win32_1.1.0.202410251130/tools/bin/../lib/gcc/arm-none-eabi/12.3.1/../../../../arm-none-eabi/lib/thumb/v7e-m+fp/hard\libc_nano.a(libc_a-memcpy-stub.o)
 .ARM.attributes
                0x000006f7       0x34 C:/ST/STM32CubeIDE_1.17.0/STM32CubeIDE/plugins/com.st.stm32cube.ide.mcu.externaltools.gnu-tools-for-stm32.12.3.rel1.win32_1.1.0.202410251130/tools/bin/../lib/gcc/arm-none-eabi/12.3.1/../../../../arm-none-eabi/lib/thumb/v7e-m+fp/hard\libc_nano.a(libc_a-freer.o)
 .ARM.attributes
                0x0000072b       0x34 C:/ST/STM32CubeIDE_1.17.0/STM32CubeIDE/plugins/com.st.stm32cube.ide.mcu.externaltools.gnu-tools-for-stm32.12.3.rel1.win32_1.1.0.202410251130/tools/bin/../lib/gcc/arm-none-eabi/12.3.1/../../../../arm-none-eabi/lib/thumb/v7e-m+fp/hard\libc_nano.a(libc_a-mallocr.o)
 .ARM.attributes
                0x0000075f       0x34 C:/ST/STM32CubeIDE_1.17.0/STM32CubeIDE/plugins/com.st.stm32cube.ide.mcu.externaltools.gnu-tools-for-stm32.12.3.rel1.win32_1.1.0.202410251130/tools/bin/../lib/gcc/arm-none-eabi/12.3.1/../../../../arm-none-eabi/lib/thumb/v7e-m+fp/hard\libc_nano.a(libc_a-mlock.o)
 .ARM.attributes
                0x00000793       0x34 C:/ST/STM32CubeIDE_1.17.0/STM32CubeIDE/plugins/com.st.stm32cube.ide.mcu.externaltools.gnu-tools-for-stm32.12.3.rel1.win32_1.1.0.202410251130/tools/bin/../lib/gcc/arm-none-eabi/12.3.1/../../../../arm-none-eabi/lib/thumb/v7e-m+fp/hard\libc_nano.a(libc_a-nano-vfprintf.o)
 .ARM.attributes
                0x000007c7       0x34 C:/ST/STM32CubeIDE_1.17.0/STM32CubeIDE/plugins/com.st.stm32cube.ide.mcu.externaltools.gnu-tools-for-stm32.12.3.rel1.win32_1.1.0.202410251130/tools/bin/../lib/gcc/arm-none-eabi/12.3.1/../../../../arm-none-eabi/lib/thumb/v7e-m+fp/hard\libc_nano.a(libc_a-nano-vfprintf_i.o)
 .ARM.attributes
                0x000007fb       0x34 C:/ST/STM32CubeIDE_1.17.0/STM32CubeIDE/plugins/com.st.stm32cube.ide.mcu.externaltools.gnu-tools-for-stm32.12.3.rel1.win32_1.1.0.202410251130/tools/bin/../lib/gcc/arm-none-eabi/12.3.1/../../../../arm-none-eabi/lib/thumb/v7e-m+fp/hard\libc_nano.a(libc_a-fflush.o)
 .ARM.attributes
                0x0000082f       0x34 C:/ST/STM32CubeIDE_1.17.0/STM32CubeIDE/plugins/com.st.stm32cube.ide.mcu.externaltools.gnu-tools-for-stm32.12.3.rel1.win32_1.1.0.202410251130/tools/bin/../lib/gcc/arm-none-eabi/12.3.1/../../../../arm-none-eabi/lib/thumb/v7e-m+fp/hard\libc_nano.a(libc_a-wbuf.o)
 .ARM.attributes
                0x00000863       0x34 C:/ST/STM32CubeIDE_1.17.0/STM32CubeIDE/plugins/com.st.stm32cube.ide.mcu.externaltools.gnu-tools-for-stm32.12.3.rel1.win32_1.1.0.202410251130/tools/bin/../lib/gcc/arm-none-eabi/12.3.1/../../../../arm-none-eabi/lib/thumb/v7e-m+fp/hard\libc_nano.a(libc_a-wsetup.o)
 .ARM.attributes
                0x00000897       0x34 C:/ST/STM32CubeIDE_1.17.0/STM32CubeIDE/plugins/com.st.stm32cube.ide.mcu.externaltools.gnu-tools-for-stm32.12.3.rel1.win32_1.1.0.202410251130/tools/bin/../lib/gcc/arm-none-eabi/12.3.1/../../../../arm-none-eabi/lib/thumb/v7e-m+fp/hard\libc_nano.a(libc_a-sbrkr.o)
 .ARM.attributes
                0x000008cb       0x1c C:/ST/STM32CubeIDE_1.17.0/STM32CubeIDE/plugins/com.st.stm32cube.ide.mcu.externaltools.gnu-tools-for-stm32.12.3.rel1.win32_1.1.0.202410251130/tools/bin/../lib/gcc/arm-none-eabi/12.3.1/../../../../arm-none-eabi/lib/thumb/v7e-m+fp/hard\libc_nano.a(libc_a-memchr.o)
 .ARM.attributes
                0x000008e7       0x34 C:/ST/STM32CubeIDE_1.17.0/STM32CubeIDE/plugins/com.st.stm32cube.ide.mcu.externaltools.gnu-tools-for-stm32.12.3.rel1.win32_1.1.0.202410251130/tools/bin/../lib/gcc/arm-none-eabi/12.3.1/../../../../arm-none-eabi/lib/thumb/v7e-m+fp/hard\libc_nano.a(libc_a-makebuf.o)
 .ARM.attributes
                0x0000091b       0x34 C:/ST/STM32CubeIDE_1.17.0/STM32CubeIDE/plugins/com.st.stm32cube.ide.mcu.externaltools.gnu-tools-for-stm32.12.3.rel1.win32_1.1.0.202410251130/tools/bin/../lib/gcc/arm-none-eabi/12.3.1/../../../../arm-none-eabi/lib/thumb/v7e-m+fp/hard\libc_nano.a(libc_a-fstatr.o)
 .ARM.attributes
                0x0000094f       0x34 C:/ST/STM32CubeIDE_1.17.0/STM32CubeIDE/plugins/com.st.stm32cube.ide.mcu.externaltools.gnu-tools-for-stm32.12.3.rel1.win32_1.1.0.202410251130/tools/bin/../lib/gcc/arm-none-eabi/12.3.1/../../../../arm-none-eabi/lib/thumb/v7e-m+fp/hard\libc_nano.a(libc_a-isattyr.o)
 .ARM.attributes
                0x00000983       0x22 C:/ST/STM32CubeIDE_1.17.0/STM32CubeIDE/plugins/com.st.stm32cube.ide.mcu.externaltools.gnu-tools-for-stm32.12.3.rel1.win32_1.1.0.202410251130/tools/bin/../lib/gcc/arm-none-eabi/12.3.1/thumb/v7e-m+fp/hard\libgcc.a(_arm_muldf3.o)
 .ARM.attributes
                0x000009a5       0x22 C:/ST/STM32CubeIDE_1.17.0/STM32CubeIDE/plugins/com.st.stm32cube.ide.mcu.externaltools.gnu-tools-for-stm32.12.3.rel1.win32_1.1.0.202410251130/tools/bin/../lib/gcc/arm-none-eabi/12.3.1/thumb/v7e-m+fp/hard\libgcc.a(_arm_addsubdf3.o)
 .ARM.attributes
                0x000009c7       0x22 C:/ST/STM32CubeIDE_1.17.0/STM32CubeIDE/plugins/com.st.stm32cube.ide.mcu.externaltools.gnu-tools-for-stm32.12.3.rel1.win32_1.1.0.202410251130/tools/bin/../lib/gcc/arm-none-eabi/12.3.1/thumb/v7e-m+fp/hard\libgcc.a(_arm_fixunsdfsi.o)
 .ARM.attributes
                0x000009e9       0x22 C:/ST/STM32CubeIDE_1.17.0/STM32CubeIDE/plugins/com.st.stm32cube.ide.mcu.externaltools.gnu-tools-for-stm32.12.3.rel1.win32_1.1.0.202410251130/tools/bin/../lib/gcc/arm-none-eabi/12.3.1/thumb/v7e-m+fp/hard\libgcc.a(_aeabi_uldivmod.o)
 .ARM.attributes
                0x00000a0b       0x34 C:/ST/STM32CubeIDE_1.17.0/STM32CubeIDE/plugins/com.st.stm32cube.ide.mcu.externaltools.gnu-tools-for-stm32.12.3.rel1.win32_1.1.0.202410251130/tools/bin/../lib/gcc/arm-none-eabi/12.3.1/thumb/v7e-m+fp/hard\libgcc.a(_udivmoddi4.o)
 .ARM.attributes
                0x00000a3f       0x22 C:/ST/STM32CubeIDE_1.17.0/STM32CubeIDE/plugins/com.st.stm32cube.ide.mcu.externaltools.gnu-tools-for-stm32.12.3.rel1.win32_1.1.0.202410251130/tools/bin/../lib/gcc/arm-none-eabi/12.3.1/thumb/v7e-m+fp/hard\libgcc.a(_dvmd_tls.o)
 .ARM.attributes
                0x00000a61       0x22 C:/ST/STM32CubeIDE_1.17.0/STM32CubeIDE/plugins/com.st.stm32cube.ide.mcu.externaltools.gnu-tools-for-stm32.12.3.rel1.win32_1.1.0.202410251130/tools/bin/../lib/gcc/arm-none-eabi/12.3.1/thumb/v7e-m+fp/hard/crtn.o
OUTPUT(SDcard_SPI.elf elf32-littlearm)
LOAD linker stubs
LOAD C:/ST/STM32CubeIDE_1.17.0/STM32CubeIDE/plugins/com.st.stm32cube.ide.mcu.externaltools.gnu-tools-for-stm32.12.3.rel1.win32_1.1.0.202410251130/tools/bin/../lib/gcc/arm-none-eabi/12.3.1/../../../../arm-none-eabi/lib/thumb/v7e-m+fp/hard\libc.a
LOAD C:/ST/STM32CubeIDE_1.17.0/STM32CubeIDE/plugins/com.st.stm32cube.ide.mcu.externaltools.gnu-tools-for-stm32.12.3.rel1.win32_1.1.0.202410251130/tools/bin/../lib/gcc/arm-none-eabi/12.3.1/../../../../arm-none-eabi/lib/thumb/v7e-m+fp/hard\libm.a
LOAD C:/ST/STM32CubeIDE_1.17.0/STM32CubeIDE/plugins/com.st.stm32cube.ide.mcu.externaltools.gnu-tools-for-stm32.12.3.rel1.win32_1.1.0.202410251130/tools/bin/../lib/gcc/arm-none-eabi/12.3.1/thumb/v7e-m+fp/hard\libgcc.a

.debug_info     0x00000000     0xa57e
 .debug_info    0x00000000      0xc31 ./Core/Src/fatfs_sd.o
 .debug_info    0x00000c31     0x1468 ./Core/Src/main.o
 .debug_info    0x00002099      0x968 ./Core/Src/stm32f4xx_hal_msp.o
 .debug_info    0x00002a01      0x172 ./Core/Src/stm32f4xx_it.o
 .debug_info    0x00002b73      0x6a3 ./Core/Src/syscalls.o
 .debug_info    0x00003216      0x168 ./Core/Src/sysmem.o
 .debug_info    0x0000337e      0x53e ./Core/Src/system_stm32f4xx.o
 .debug_info    0x000038bc       0x30 ./Core/Startup/startup_stm32f411vetx.o
 .debug_info    0x000038ec      0x8c4 ./Drivers/STM32F4xx_HAL_Driver/Src/stm32f4xx_hal.o
 .debug_info    0x000041b0      0xcfc ./Drivers/STM32F4xx_HAL_Driver/Src/stm32f4xx_hal_cortex.o
 .debug_info    0x00004eac      0x6f9 ./Drivers/STM32F4xx_HAL_Driver/Src/stm32f4xx_hal_gpio.o
 .debug_info    0x000055a5      0x8f0 ./Drivers/STM32F4xx_HAL_Driver/Src/stm32f4xx_hal_rcc.o
 .debug_info    0x00005e95     0x1530 ./Drivers/STM32F4xx_HAL_Driver/Src/stm32f4xx_hal_spi.o
 .debug_info    0x000073c5      0x4d9 ./FATFS/App/fatfs.o
 .debug_info    0x0000789e      0x3a5 ./FATFS/Target/user_diskio.o
 .debug_info    0x00007c43      0x3df ./Middlewares/Third_Party/FatFs/src/diskio.o
 .debug_info    0x00008022     0x21dd ./Middlewares/Third_Party/FatFs/src/ff.o
 .debug_info    0x0000a1ff      0x37f ./Middlewares/Third_Party/FatFs/src/ff_gen_drv.o

.debug_abbrev   0x00000000     0x2151
 .debug_abbrev  0x00000000      0x2da ./Core/Src/fatfs_sd.o
 .debug_abbrev  0x000002da      0x3d1 ./Core/Src/main.o
 .debug_abbrev  0x000006ab      0x1ac ./Core/Src/stm32f4xx_hal_msp.o
 .debug_abbrev  0x00000857       0x9d ./Core/Src/stm32f4xx_it.o
 .debug_abbrev  0x000008f4      0x1b6 ./Core/Src/syscalls.o
 .debug_abbrev  0x00000aaa       0xbc ./Core/Src/sysmem.o
 .debug_abbrev  0x00000b66      0x11a ./Core/Src/system_stm32f4xx.o
 .debug_abbrev  0x00000c80       0x24 ./Core/Startup/startup_stm32f411vetx.o
 .debug_abbrev  0x00000ca4      0x24b ./Drivers/STM32F4xx_HAL_Driver/Src/stm32f4xx_hal.o
 .debug_abbrev  0x00000eef      0x31d ./Drivers/STM32F4xx_HAL_Driver/Src/stm32f4xx_hal_cortex.o
 .debug_abbrev  0x0000120c      0x1d3 ./Drivers/STM32F4xx_HAL_Driver/Src/stm32f4xx_hal_gpio.o
 .debug_abbrev  0x000013df      0x2b6 ./Drivers/STM32F4xx_HAL_Driver/Src/stm32f4xx_hal_rcc.o
 .debug_abbrev  0x00001695      0x276 ./Drivers/STM32F4xx_HAL_Driver/Src/stm32f4xx_hal_spi.o
 .debug_abbrev  0x0000190b      0x160 ./FATFS/App/fatfs.o
 .debug_abbrev  0x00001a6b      0x144 ./FATFS/Target/user_diskio.o
 .debug_abbrev  0x00001baf      0x181 ./Middlewares/Third_Party/FatFs/src/diskio.o
 .debug_abbrev  0x00001d30      0x282 ./Middlewares/Third_Party/FatFs/src/ff.o
 .debug_abbrev  0x00001fb2      0x19f ./Middlewares/Third_Party/FatFs/src/ff_gen_drv.o

.debug_aranges  0x00000000      0xa80
 .debug_aranges
                0x00000000       0xa8 ./Core/Src/fatfs_sd.o
 .debug_aranges
                0x000000a8       0x60 ./Core/Src/main.o
 .debug_aranges
                0x00000108       0x30 ./Core/Src/stm32f4xx_hal_msp.o
 .debug_aranges
                0x00000138       0x68 ./Core/Src/stm32f4xx_it.o
 .debug_aranges
                0x000001a0       0xa8 ./Core/Src/syscalls.o
 .debug_aranges
                0x00000248       0x20 ./Core/Src/sysmem.o
 .debug_aranges
                0x00000268       0x28 ./Core/Src/system_stm32f4xx.o
 .debug_aranges
                0x00000290       0x28 ./Core/Startup/startup_stm32f411vetx.o
 .debug_aranges
                0x000002b8       0xf0 ./Drivers/STM32F4xx_HAL_Driver/Src/stm32f4xx_hal.o
 .debug_aranges
                0x000003a8      0x130 ./Drivers/STM32F4xx_HAL_Driver/Src/stm32f4xx_hal_cortex.o
 .debug_aranges
                0x000004d8       0x58 ./Drivers/STM32F4xx_HAL_Driver/Src/stm32f4xx_hal_gpio.o
 .debug_aranges
                0x00000530       0x88 ./Drivers/STM32F4xx_HAL_Driver/Src/stm32f4xx_hal_rcc.o
 .debug_aranges
                0x000005b8      0x1d0 ./Drivers/STM32F4xx_HAL_Driver/Src/stm32f4xx_hal_spi.o
 .debug_aranges
                0x00000788       0x28 ./FATFS/App/fatfs.o
 .debug_aranges
                0x000007b0       0x40 ./FATFS/Target/user_diskio.o
 .debug_aranges
                0x000007f0       0x48 ./Middlewares/Third_Party/FatFs/src/diskio.o
 .debug_aranges
                0x00000838      0x208 ./Middlewares/Third_Party/FatFs/src/ff.o
 .debug_aranges
                0x00000a40       0x40 ./Middlewares/Third_Party/FatFs/src/ff_gen_drv.o

.debug_rnglists
                0x00000000      0x7d4
 .debug_rnglists
                0x00000000       0x80 ./Core/Src/fatfs_sd.o
 .debug_rnglists
                0x00000080       0x46 ./Core/Src/main.o
 .debug_rnglists
                0x000000c6       0x20 ./Core/Src/stm32f4xx_hal_msp.o
 .debug_rnglists
                0x000000e6       0x49 ./Core/Src/stm32f4xx_it.o
 .debug_rnglists
                0x0000012f       0x79 ./Core/Src/syscalls.o
 .debug_rnglists
                0x000001a8       0x13 ./Core/Src/sysmem.o
 .debug_rnglists
                0x000001bb       0x1a ./Core/Src/system_stm32f4xx.o
 .debug_rnglists
                0x000001d5       0x19 ./Core/Startup/startup_stm32f411vetx.o
 .debug_rnglists
                0x000001ee       0xaf ./Drivers/STM32F4xx_HAL_Driver/Src/stm32f4xx_hal.o
 .debug_rnglists
                0x0000029d       0xe0 ./Drivers/STM32F4xx_HAL_Driver/Src/stm32f4xx_hal_cortex.o
 .debug_rnglists
                0x0000037d       0x3f ./Drivers/STM32F4xx_HAL_Driver/Src/stm32f4xx_hal_gpio.o
 .debug_rnglists
                0x000003bc       0x66 ./Drivers/STM32F4xx_HAL_Driver/Src/stm32f4xx_hal_rcc.o
 .debug_rnglists
                0x00000422      0x16f ./Drivers/STM32F4xx_HAL_Driver/Src/stm32f4xx_hal_spi.o
 .debug_rnglists
                0x00000591       0x19 ./FATFS/App/fatfs.o
 .debug_rnglists
                0x000005aa       0x2b ./FATFS/Target/user_diskio.o
 .debug_rnglists
                0x000005d5       0x31 ./Middlewares/Third_Party/FatFs/src/diskio.o
 .debug_rnglists
                0x00000606      0x1a2 ./Middlewares/Third_Party/FatFs/src/ff.o
 .debug_rnglists
                0x000007a8       0x2c ./Middlewares/Third_Party/FatFs/src/ff_gen_drv.o

.debug_macro    0x00000000    0x17c59
 .debug_macro   0x00000000      0x1ff ./Core/Src/fatfs_sd.o
 .debug_macro   0x000001ff      0xab4 ./Core/Src/fatfs_sd.o
 .debug_macro   0x00000cb3      0x295 ./Core/Src/fatfs_sd.o
 .debug_macro   0x00000f48       0x2e ./Core/Src/fatfs_sd.o
 .debug_macro   0x00000f76       0x28 ./Core/Src/fatfs_sd.o
 .debug_macro   0x00000f9e       0x22 ./Core/Src/fatfs_sd.o
 .debug_macro   0x00000fc0       0x8e ./Core/Src/fatfs_sd.o
 .debug_macro   0x0000104e       0x51 ./Core/Src/fatfs_sd.o
 .debug_macro   0x0000109f      0x103 ./Core/Src/fatfs_sd.o
 .debug_macro   0x000011a2       0x6a ./Core/Src/fatfs_sd.o
 .debug_macro   0x0000120c      0x1df ./Core/Src/fatfs_sd.o
 .debug_macro   0x000013eb       0x1c ./Core/Src/fatfs_sd.o
 .debug_macro   0x00001407       0x22 ./Core/Src/fatfs_sd.o
 .debug_macro   0x00001429       0xfb ./Core/Src/fatfs_sd.o
 .debug_macro   0x00001524     0x1011 ./Core/Src/fatfs_sd.o
 .debug_macro   0x00002535      0x11f ./Core/Src/fatfs_sd.o
 .debug_macro   0x00002654     0xb953 ./Core/Src/fatfs_sd.o
 .debug_macro   0x0000dfa7       0x6d ./Core/Src/fatfs_sd.o
 .debug_macro   0x0000e014     0x369a ./Core/Src/fatfs_sd.o
 .debug_macro   0x000116ae      0x189 ./Core/Src/fatfs_sd.o
 .debug_macro   0x00011837       0x5c ./Core/Src/fatfs_sd.o
 .debug_macro   0x00011893      0x45c ./Core/Src/fatfs_sd.o
 .debug_macro   0x00011cef      0x9e9 ./Core/Src/fatfs_sd.o
 .debug_macro   0x000126d8      0x115 ./Core/Src/fatfs_sd.o
 .debug_macro   0x000127ed      0x11b ./Core/Src/fatfs_sd.o
 .debug_macro   0x00012908       0xa5 ./Core/Src/fatfs_sd.o
 .debug_macro   0x000129ad      0x15f ./Core/Src/fatfs_sd.o
 .debug_macro   0x00012b0c      0x287 ./Core/Src/fatfs_sd.o
 .debug_macro   0x00012d93       0x5f ./Core/Src/fatfs_sd.o
 .debug_macro   0x00012df2      0x236 ./Core/Src/fatfs_sd.o
 .debug_macro   0x00013028      0x132 ./Core/Src/fatfs_sd.o
 .debug_macro   0x0001315a      0x264 ./Core/Src/fatfs_sd.o
 .debug_macro   0x000133be       0x2e ./Core/Src/fatfs_sd.o
 .debug_macro   0x000133ec      0x127 ./Core/Src/fatfs_sd.o
 .debug_macro   0x00013513       0x85 ./Core/Src/fatfs_sd.o
 .debug_macro   0x00013598       0x89 ./Core/Src/fatfs_sd.o
 .debug_macro   0x00013621      0x225 ./Core/Src/fatfs_sd.o
 .debug_macro   0x00013846      0x126 ./Core/Src/fatfs_sd.o
 .debug_macro   0x0001396c       0x16 ./Core/Src/fatfs_sd.o
 .debug_macro   0x00013982       0x7c ./Core/Src/fatfs_sd.o
 .debug_macro   0x000139fe       0x88 ./Core/Src/fatfs_sd.o
 .debug_macro   0x00013a86      0x356 ./Core/Src/main.o
 .debug_macro   0x00013ddc       0xeb ./Core/Src/main.o
 .debug_macro   0x00013ec7       0x2a ./Core/Src/main.o
 .debug_macro   0x00013ef1       0x61 ./Core/Src/main.o
 .debug_macro   0x00013f52       0x43 ./Core/Src/main.o
 .debug_macro   0x00013f95       0x34 ./Core/Src/main.o
 .debug_macro   0x00013fc9       0x16 ./Core/Src/main.o
 .debug_macro   0x00013fdf       0x35 ./Core/Src/main.o
 .debug_macro   0x00014014       0x16 ./Core/Src/main.o
 .debug_macro   0x0001402a       0x43 ./Core/Src/main.o
 .debug_macro   0x0001406d       0x34 ./Core/Src/main.o
 .debug_macro   0x000140a1       0x10 ./Core/Src/main.o
 .debug_macro   0x000140b1       0x58 ./Core/Src/main.o
 .debug_macro   0x00014109       0x8e ./Core/Src/main.o
 .debug_macro   0x00014197       0x1c ./Core/Src/main.o
 .debug_macro   0x000141b3      0x177 ./Core/Src/main.o
 .debug_macro   0x0001432a      0x369 ./Core/Src/main.o
 .debug_macro   0x00014693       0x16 ./Core/Src/main.o
 .debug_macro   0x000146a9       0x29 ./Core/Src/main.o
 .debug_macro   0x000146d2       0x12 ./Core/Src/main.o
 .debug_macro   0x000146e4       0xe2 ./Core/Src/main.o
 .debug_macro   0x000147c6       0x8e ./Core/Src/main.o
 .debug_macro   0x00014854       0x16 ./Core/Src/main.o
 .debug_macro   0x0001486a       0x20 ./Core/Src/main.o
 .debug_macro   0x0001488a       0x1c ./Core/Src/main.o
 .debug_macro   0x000148a6       0x10 ./Core/Src/main.o
 .debug_macro   0x000148b6       0x1c ./Core/Src/main.o
 .debug_macro   0x000148d2       0x16 ./Core/Src/main.o
 .debug_macro   0x000148e8      0x146 ./Core/Src/main.o
 .debug_macro   0x00014a2e      0x1c4 ./Core/Src/stm32f4xx_hal_msp.o
 .debug_macro   0x00014bf2      0x1ce ./Core/Src/stm32f4xx_it.o
 .debug_macro   0x00014dc0      0x274 ./Core/Src/syscalls.o
 .debug_macro   0x00015034       0x5b ./Core/Src/syscalls.o
 .debug_macro   0x0001508f       0x94 ./Core/Src/syscalls.o
 .debug_macro   0x00015123       0x57 ./Core/Src/syscalls.o
 .debug_macro   0x0001517a       0x10 ./Core/Src/syscalls.o
 .debug_macro   0x0001518a       0x10 ./Core/Src/syscalls.o
 .debug_macro   0x0001519a       0x10 ./Core/Src/syscalls.o
 .debug_macro   0x000151aa       0x10 ./Core/Src/syscalls.o
 .debug_macro   0x000151ba       0x1c ./Core/Src/syscalls.o
 .debug_macro   0x000151d6       0x52 ./Core/Src/syscalls.o
 .debug_macro   0x00015228       0x22 ./Core/Src/syscalls.o
 .debug_macro   0x0001524a       0x10 ./Core/Src/syscalls.o
 .debug_macro   0x0001525a       0x52 ./Core/Src/syscalls.o
 .debug_macro   0x000152ac       0xcf ./Core/Src/syscalls.o
 .debug_macro   0x0001537b       0x1c ./Core/Src/syscalls.o
 .debug_macro   0x00015397       0x3d ./Core/Src/syscalls.o
 .debug_macro   0x000153d4       0x35 ./Core/Src/syscalls.o
 .debug_macro   0x00015409      0x12c ./Core/Src/syscalls.o
 .debug_macro   0x00015535       0x10 ./Core/Src/syscalls.o
 .debug_macro   0x00015545      0x242 ./Core/Src/syscalls.o
 .debug_macro   0x00015787       0x10 ./Core/Src/syscalls.o
 .debug_macro   0x00015797      0x18a ./Core/Src/syscalls.o
 .debug_macro   0x00015921       0x16 ./Core/Src/syscalls.o
 .debug_macro   0x00015937       0xce ./Core/Src/syscalls.o
 .debug_macro   0x00015a05       0xff ./Core/Src/sysmem.o
 .debug_macro   0x00015b04      0x23c ./Core/Src/sysmem.o
 .debug_macro   0x00015d40      0x1ba ./Core/Src/system_stm32f4xx.o
 .debug_macro   0x00015efa      0x21a ./Drivers/STM32F4xx_HAL_Driver/Src/stm32f4xx_hal.o
 .debug_macro   0x00016114      0x1ba ./Drivers/STM32F4xx_HAL_Driver/Src/stm32f4xx_hal_cortex.o
 .debug_macro   0x000162ce      0x1c0 ./Drivers/STM32F4xx_HAL_Driver/Src/stm32f4xx_hal_gpio.o
 .debug_macro   0x0001648e      0x1de ./Drivers/STM32F4xx_HAL_Driver/Src/stm32f4xx_hal_rcc.o
 .debug_macro   0x0001666c      0x1c9 ./Drivers/STM32F4xx_HAL_Driver/Src/stm32f4xx_hal_spi.o
 .debug_macro   0x00016835      0x2e9 ./FATFS/App/fatfs.o
 .debug_macro   0x00016b1e       0xe5 ./FATFS/App/fatfs.o
 .debug_macro   0x00016c03      0x30f ./FATFS/Target/user_diskio.o
 .debug_macro   0x00016f12       0x10 ./FATFS/Target/user_diskio.o
 .debug_macro   0x00016f22       0x56 ./FATFS/Target/user_diskio.o
 .debug_macro   0x00016f78      0x2d6 ./Middlewares/Third_Party/FatFs/src/diskio.o
 .debug_macro   0x0001724e      0x6dd ./Middlewares/Third_Party/FatFs/src/ff.o
 .debug_macro   0x0001792b       0x58 ./Middlewares/Third_Party/FatFs/src/ff.o
 .debug_macro   0x00017983      0x2d6 ./Middlewares/Third_Party/FatFs/src/ff_gen_drv.o

.debug_line     0x00000000     0xe6ae
 .debug_line    0x00000000      0xe28 ./Core/Src/fatfs_sd.o
 .debug_line    0x00000e28      0xbd5 ./Core/Src/main.o
 .debug_line    0x000019fd      0x773 ./Core/Src/stm32f4xx_hal_msp.o
 .debug_line    0x00002170      0x80a ./Core/Src/stm32f4xx_it.o
 .debug_line    0x0000297a      0x8a8 ./Core/Src/syscalls.o
 .debug_line    0x00003222      0x579 ./Core/Src/sysmem.o
 .debug_line    0x0000379b      0x799 ./Core/Src/system_stm32f4xx.o
 .debug_line    0x00003f34       0x7a ./Core/Startup/startup_stm32f411vetx.o
 .debug_line    0x00003fae      0xa02 ./Drivers/STM32F4xx_HAL_Driver/Src/stm32f4xx_hal.o
 .debug_line    0x000049b0      0xcf4 ./Drivers/STM32F4xx_HAL_Driver/Src/stm32f4xx_hal_cortex.o
 .debug_line    0x000056a4      0xb52 ./Drivers/STM32F4xx_HAL_Driver/Src/stm32f4xx_hal_gpio.o
 .debug_line    0x000061f6      0xd8d ./Drivers/STM32F4xx_HAL_Driver/Src/stm32f4xx_hal_rcc.o
 .debug_line    0x00006f83     0x1d20 ./Drivers/STM32F4xx_HAL_Driver/Src/stm32f4xx_hal_spi.o
 .debug_line    0x00008ca3      0x903 ./FATFS/App/fatfs.o
 .debug_line    0x000095a6      0x967 ./FATFS/Target/user_diskio.o
 .debug_line    0x00009f0d      0x975 ./Middlewares/Third_Party/FatFs/src/diskio.o
 .debug_line    0x0000a882     0x349c ./Middlewares/Third_Party/FatFs/src/ff.o
 .debug_line    0x0000dd1e      0x990 ./Middlewares/Third_Party/FatFs/src/ff_gen_drv.o

.debug_str      0x00000000    0x88905
 .debug_str     0x00000000    0x7fc22 ./Core/Src/fatfs_sd.o
                              0x7ff32 (size before relaxing)
 .debug_str     0x0007fc22     0x42d4 ./Core/Src/main.o
                              0x84038 (size before relaxing)
 .debug_str     0x00083ef6       0x63 ./Core/Src/stm32f4xx_hal_msp.o
                              0x7fb89 (size before relaxing)
 .debug_str     0x00083f59       0xe4 ./Core/Src/stm32f4xx_it.o
                              0x7f63d (size before relaxing)
 .debug_str     0x0008403d     0x1f98 ./Core/Src/syscalls.o
                               0x98cc (size before relaxing)
 .debug_str     0x00085fd5       0x6b ./Core/Src/sysmem.o
                               0x60e4 (size before relaxing)
 .debug_str     0x00086040       0xdb ./Core/Src/system_stm32f4xx.o
                              0x7f73e (size before relaxing)
 .debug_str     0x0008611b       0x44 ./Core/Startup/startup_stm32f411vetx.o
                                 0x97 (size before relaxing)
 .debug_str     0x0008615f      0x9a9 ./Drivers/STM32F4xx_HAL_Driver/Src/stm32f4xx_hal.o
                              0x8016a (size before relaxing)
 .debug_str     0x00086b08      0x392 ./Drivers/STM32F4xx_HAL_Driver/Src/stm32f4xx_hal_cortex.o
                              0x7fed4 (size before relaxing)
 .debug_str     0x00086e9a      0x121 ./Drivers/STM32F4xx_HAL_Driver/Src/stm32f4xx_hal_gpio.o
                              0x7f8b9 (size before relaxing)
 .debug_str     0x00086fbb      0x233 ./Drivers/STM32F4xx_HAL_Driver/Src/stm32f4xx_hal_rcc.o
                              0x7fb72 (size before relaxing)
 .debug_str     0x000871ee      0x56e ./Drivers/STM32F4xx_HAL_Driver/Src/stm32f4xx_hal_spi.o
                              0x7ffea (size before relaxing)
 .debug_str     0x0008775c       0x74 ./FATFS/App/fatfs.o
                              0x82f12 (size before relaxing)
 .debug_str     0x000877d0       0x5a ./FATFS/Target/user_diskio.o
                              0x8301f (size before relaxing)
 .debug_str     0x0008782a       0x52 ./Middlewares/Third_Party/FatFs/src/diskio.o
                              0x82e21 (size before relaxing)
 .debug_str     0x0008787c      0xff8 ./Middlewares/Third_Party/FatFs/src/ff.o
                              0x84084 (size before relaxing)
 .debug_str     0x00088874       0x91 ./Middlewares/Third_Party/FatFs/src/ff_gen_drv.o
                              0x82e72 (size before relaxing)

.comment        0x00000000       0x43
 .comment       0x00000000       0x43 ./Core/Src/fatfs_sd.o
                                 0x44 (size before relaxing)
 .comment       0x00000043       0x44 ./Core/Src/main.o
 .comment       0x00000043       0x44 ./Core/Src/stm32f4xx_hal_msp.o
 .comment       0x00000043       0x44 ./Core/Src/stm32f4xx_it.o
 .comment       0x00000043       0x44 ./Core/Src/syscalls.o
 .comment       0x00000043       0x44 ./Core/Src/sysmem.o
 .comment       0x00000043       0x44 ./Core/Src/system_stm32f4xx.o
 .comment       0x00000043       0x44 ./Drivers/STM32F4xx_HAL_Driver/Src/stm32f4xx_hal.o
 .comment       0x00000043       0x44 ./Drivers/STM32F4xx_HAL_Driver/Src/stm32f4xx_hal_cortex.o
 .comment       0x00000043       0x44 ./Drivers/STM32F4xx_HAL_Driver/Src/stm32f4xx_hal_gpio.o
 .comment       0x00000043       0x44 ./Drivers/STM32F4xx_HAL_Driver/Src/stm32f4xx_hal_rcc.o
 .comment       0x00000043       0x44 ./Drivers/STM32F4xx_HAL_Driver/Src/stm32f4xx_hal_spi.o
 .comment       0x00000043       0x44 ./FATFS/App/fatfs.o
 .comment       0x00000043       0x44 ./FATFS/Target/user_diskio.o
 .comment       0x00000043       0x44 ./Middlewares/Third_Party/FatFs/src/diskio.o
 .comment       0x00000043       0x44 ./Middlewares/Third_Party/FatFs/src/ff.o
 .comment       0x00000043       0x44 ./Middlewares/Third_Party/FatFs/src/ff_gen_drv.o

.debug_frame    0x00000000     0x31fc
 .debug_frame   0x00000000      0x28c ./Core/Src/fatfs_sd.o
 .debug_frame   0x0000028c      0x144 ./Core/Src/main.o
 .debug_frame   0x000003d0       0x80 ./Core/Src/stm32f4xx_hal_msp.o
 .debug_frame   0x00000450      0x124 ./Core/Src/stm32f4xx_it.o
 .debug_frame   0x00000574      0x2ac ./Core/Src/syscalls.o
 .debug_frame   0x00000820       0x34 ./Core/Src/sysmem.o
 .debug_frame   0x00000854       0x58 ./Core/Src/system_stm32f4xx.o
 .debug_frame   0x000008ac      0x374 ./Drivers/STM32F4xx_HAL_Driver/Src/stm32f4xx_hal.o
 .debug_frame   0x00000c20      0x508 ./Drivers/STM32F4xx_HAL_Driver/Src/stm32f4xx_hal_cortex.o
 .debug_frame   0x00001128      0x14c ./Drivers/STM32F4xx_HAL_Driver/Src/stm32f4xx_hal_gpio.o
 .debug_frame   0x00001274      0x1f4 ./Drivers/STM32F4xx_HAL_Driver/Src/stm32f4xx_hal_rcc.o
 .debug_frame   0x00001468      0x828 ./Drivers/STM32F4xx_HAL_Driver/Src/stm32f4xx_hal_spi.o
 .debug_frame   0x00001c90       0x4c ./FATFS/App/fatfs.o
 .debug_frame   0x00001cdc       0xc4 ./FATFS/Target/user_diskio.o
 .debug_frame   0x00001da0       0xec ./Middlewares/Third_Party/FatFs/src/diskio.o
 .debug_frame   0x00001e8c      0x94c ./Middlewares/Third_Party/FatFs/src/ff.o
 .debug_frame   0x000027d8       0xc8 ./Middlewares/Third_Party/FatFs/src/ff_gen_drv.o
 .debug_frame   0x000028a0      0x144 C:/ST/STM32CubeIDE_1.17.0/STM32CubeIDE/plugins/com.st.stm32cube.ide.mcu.externaltools.gnu-tools-for-stm32.12.3.rel1.win32_1.1.0.202410251130/tools/bin/../lib/gcc/arm-none-eabi/12.3.1/../../../../arm-none-eabi/lib/thumb/v7e-m+fp/hard\libc_nano.a(libc_a-findfp.o)