14:32:28 **** Incremental Build of configuration Debug for project LowPower_Sleep_StandbyModes ****
make -j20 all 
arm-none-eabi-gcc "../Core/Src/main.c" -mcpu=cortex-m4 -std=gnu11 -g3 -DDEBUG -DUSE_HAL_DRIVER -DSTM32F411xE -c -I../Core/Inc -I../Drivers/STM32F4xx_HAL_Driver/Inc -I../Drivers/STM32F4xx_HAL_Driver/Inc/Legacy -I../Drivers/CMSIS/Device/ST/STM32F4xx/Include -I../Drivers/CMSIS/Include -O0 -ffunction-sections -fdata-sections -Wall -fstack-usage -fcyclomatic-complexity -MMD -MP -MF"Core/Src/main.d" -MT"Core/Src/main.o" --specs=nano.specs -mfpu=fpv4-sp-d16 -mfloat-abi=hard -mthumb -o "Core/Src/main.o"
arm-none-eabi-gcc -o "LowPower_Sleep_StandbyModes.elf" @"objects.list"   -mcpu=cortex-m4 -T"D:\sbzrgn\My-STM32F411ve_Discovery\STM32F411Discovery_LowPower_Sleep_StandbyModes\LowPower_Sleep_StandbyModes\STM32F411VETX_FLASH.ld" --specs=nosys.specs -Wl,-Map="LowPower_Sleep_StandbyModes.map" -Wl,--gc-sections -static --specs=nano.specs -mfpu=fpv4-sp-d16 -mfloat-abi=hard -mthumb -Wl,--start-group -lc -lm -Wl,--end-group
Finished building target: LowPower_Sleep_StandbyModes.elf
 
arm-none-eabi-size  LowPower_Sleep_StandbyModes.elf 
arm-none-eabi-objdump -h -S LowPower_Sleep_StandbyModes.elf  > "LowPower_Sleep_StandbyModes.list"
   text	   data	    bss	    dec	    hex	filename
  10620	    104	   1912	  12636	   315c	LowPower_Sleep_StandbyModes.elf
Finished building: default.size.stdout
 
Finished building: LowPower_Sleep_StandbyModes.list
 
14:32:31 **** Incremental Build of configuration Debug for project LowPower_Sleep_StandbyModes ****
make -j20 all 
arm-none-eabi-size  LowPower_Sleep_StandbyModes.elf 
   text	   data	    bss	    dec	    hex	filename
  10620	    104	   1912	  12636	   315c	LowPower_Sleep_StandbyModes.elf
Finished building: default.size.stdout
 
