16:16:33 **** Incremental Build of configuration Debug for project LowPower_Sleep_StandbyModes ****
make -j20 all 
arm-none-eabi-size  LowPower_Sleep_StandbyModes.elf 
   text	   data	    bss	    dec	    hex	filename
  11144	    104	   1912	  13160	   3368	LowPower_Sleep_StandbyModes.elf
Finished building: default.size.stdout
 
16:19:44 **** Incremental Build of configuration Debug for project LowPower_Sleep_StandbyModes ****
make -j20 all 
arm-none-eabi-size  LowPower_Sleep_StandbyModes.elf 
   text	   data	    bss	    dec	    hex	filename
  11144	    104	   1912	  13160	   3368	LowPower_Sleep_StandbyModes.elf
Finished building: default.size.stdout
 
